Archive member included to satisfy reference by file (symbol)

C:/ST/STM32CubeIDE_1.15.1/STM32CubeIDE/plugins/com.st.stm32cube.ide.mcu.externaltools.gnu-tools-for-stm32.12.3.rel1.win32_1.0.100.202403111256/tools/bin/../lib/gcc/arm-none-eabi/12.3.1/../../../../arm-none-eabi/lib/thumb/v7-m/nofp\libc_nano.a(libc_a-exit.o)
                              C:/ST/STM32CubeIDE_1.15.1/STM32CubeIDE/plugins/com.st.stm32cube.ide.mcu.externaltools.gnu-tools-for-stm32.12.3.rel1.win32_1.0.100.202403111256/tools/bin/../lib/gcc/arm-none-eabi/12.3.1/../../../../arm-none-eabi/lib/thumb/v7-m/nofp/crt0.o (exit)
C:/ST/STM32CubeIDE_1.15.1/STM32CubeIDE/plugins/com.st.stm32cube.ide.mcu.externaltools.gnu-tools-for-stm32.12.3.rel1.win32_1.0.100.202403111256/tools/bin/../lib/gcc/arm-none-eabi/12.3.1/../../../../arm-none-eabi/lib/thumb/v7-m/nofp\libc_nano.a(libc_a-findfp.o)
                              C:/ST/STM32CubeIDE_1.15.1/STM32CubeIDE/plugins/com.st.stm32cube.ide.mcu.externaltools.gnu-tools-for-stm32.12.3.rel1.win32_1.0.100.202403111256/tools/bin/../lib/gcc/arm-none-eabi/12.3.1/../../../../arm-none-eabi/lib/thumb/v7-m/nofp\libc_nano.a(libc_a-exit.o) (__stdio_exit_handler)
C:/ST/STM32CubeIDE_1.15.1/STM32CubeIDE/plugins/com.st.stm32cube.ide.mcu.externaltools.gnu-tools-for-stm32.12.3.rel1.win32_1.0.100.202403111256/tools/bin/../lib/gcc/arm-none-eabi/12.3.1/../../../../arm-none-eabi/lib/thumb/v7-m/nofp\libc_nano.a(libc_a-fwalk.o)
                              C:/ST/STM32CubeIDE_1.15.1/STM32CubeIDE/plugins/com.st.stm32cube.ide.mcu.externaltools.gnu-tools-for-stm32.12.3.rel1.win32_1.0.100.202403111256/tools/bin/../lib/gcc/arm-none-eabi/12.3.1/../../../../arm-none-eabi/lib/thumb/v7-m/nofp\libc_nano.a(libc_a-findfp.o) (_fwalk_sglue)
C:/ST/STM32CubeIDE_1.15.1/STM32CubeIDE/plugins/com.st.stm32cube.ide.mcu.externaltools.gnu-tools-for-stm32.12.3.rel1.win32_1.0.100.202403111256/tools/bin/../lib/gcc/arm-none-eabi/12.3.1/../../../../arm-none-eabi/lib/thumb/v7-m/nofp\libc_nano.a(libc_a-stdio.o)
                              C:/ST/STM32CubeIDE_1.15.1/STM32CubeIDE/plugins/com.st.stm32cube.ide.mcu.externaltools.gnu-tools-for-stm32.12.3.rel1.win32_1.0.100.202403111256/tools/bin/../lib/gcc/arm-none-eabi/12.3.1/../../../../arm-none-eabi/lib/thumb/v7-m/nofp\libc_nano.a(libc_a-findfp.o) (__sread)
C:/ST/STM32CubeIDE_1.15.1/STM32CubeIDE/plugins/com.st.stm32cube.ide.mcu.externaltools.gnu-tools-for-stm32.12.3.rel1.win32_1.0.100.202403111256/tools/bin/../lib/gcc/arm-none-eabi/12.3.1/../../../../arm-none-eabi/lib/thumb/v7-m/nofp\libc_nano.a(libc_a-memset.o)
                              C:/ST/STM32CubeIDE_1.15.1/STM32CubeIDE/plugins/com.st.stm32cube.ide.mcu.externaltools.gnu-tools-for-stm32.12.3.rel1.win32_1.0.100.202403111256/tools/bin/../lib/gcc/arm-none-eabi/12.3.1/../../../../arm-none-eabi/lib/thumb/v7-m/nofp/crt0.o (memset)
C:/ST/STM32CubeIDE_1.15.1/STM32CubeIDE/plugins/com.st.stm32cube.ide.mcu.externaltools.gnu-tools-for-stm32.12.3.rel1.win32_1.0.100.202403111256/tools/bin/../lib/gcc/arm-none-eabi/12.3.1/../../../../arm-none-eabi/lib/thumb/v7-m/nofp\libc_nano.a(libc_a-closer.o)
                              C:/ST/STM32CubeIDE_1.15.1/STM32CubeIDE/plugins/com.st.stm32cube.ide.mcu.externaltools.gnu-tools-for-stm32.12.3.rel1.win32_1.0.100.202403111256/tools/bin/../lib/gcc/arm-none-eabi/12.3.1/../../../../arm-none-eabi/lib/thumb/v7-m/nofp\libc_nano.a(libc_a-stdio.o) (_close_r)
C:/ST/STM32CubeIDE_1.15.1/STM32CubeIDE/plugins/com.st.stm32cube.ide.mcu.externaltools.gnu-tools-for-stm32.12.3.rel1.win32_1.0.100.202403111256/tools/bin/../lib/gcc/arm-none-eabi/12.3.1/../../../../arm-none-eabi/lib/thumb/v7-m/nofp\libc_nano.a(libc_a-reent.o)
                              C:/ST/STM32CubeIDE_1.15.1/STM32CubeIDE/plugins/com.st.stm32cube.ide.mcu.externaltools.gnu-tools-for-stm32.12.3.rel1.win32_1.0.100.202403111256/tools/bin/../lib/gcc/arm-none-eabi/12.3.1/../../../../arm-none-eabi/lib/thumb/v7-m/nofp\libc_nano.a(libc_a-closer.o) (errno)
C:/ST/STM32CubeIDE_1.15.1/STM32CubeIDE/plugins/com.st.stm32cube.ide.mcu.externaltools.gnu-tools-for-stm32.12.3.rel1.win32_1.0.100.202403111256/tools/bin/../lib/gcc/arm-none-eabi/12.3.1/../../../../arm-none-eabi/lib/thumb/v7-m/nofp\libc_nano.a(libc_a-impure.o)
                              C:/ST/STM32CubeIDE_1.15.1/STM32CubeIDE/plugins/com.st.stm32cube.ide.mcu.externaltools.gnu-tools-for-stm32.12.3.rel1.win32_1.0.100.202403111256/tools/bin/../lib/gcc/arm-none-eabi/12.3.1/../../../../arm-none-eabi/lib/thumb/v7-m/nofp\libc_nano.a(libc_a-reent.o) (_impure_ptr)
C:/ST/STM32CubeIDE_1.15.1/STM32CubeIDE/plugins/com.st.stm32cube.ide.mcu.externaltools.gnu-tools-for-stm32.12.3.rel1.win32_1.0.100.202403111256/tools/bin/../lib/gcc/arm-none-eabi/12.3.1/../../../../arm-none-eabi/lib/thumb/v7-m/nofp\libc_nano.a(libc_a-lseekr.o)
[...]
Memory Configuration

Name             Origin             Length             Attributes
RAM              0x20000000         0x00005000         xrw
FLASH            0x08000000         0x00010000         xr
*default*        0x00000000         0xffffffff

Linker script and memory map

LOAD C:/ST/STM32CubeIDE_1.15.1/STM32CubeIDE/plugins/com.st.stm32cube.ide.mcu.externaltools.gnu-tools-for-stm32.12.3.rel1.win32_1.0.100.202403111256/tools/bin/../lib/gcc/arm-none-eabi/12.3.1/thumb/v7-m/nofp/crti.o
LOAD C:/ST/STM32CubeIDE_1.15.1/STM32CubeIDE/plugins/com.st.stm32cube.ide.mcu.externaltools.gnu-tools-for-stm32.12.3.rel1.win32_1.0.100.202403111256/tools/bin/../lib/gcc/arm-none-eabi/12.3.1/thumb/v7-m/nofp/crtbegin.o
LOAD C:/ST/STM32CubeIDE_1.15.1/STM32CubeIDE/plugins/com.st.stm32cube.ide.mcu.externaltools.gnu-tools-for-stm32.12.3.rel1.win32_1.0.100.202403111256/tools/bin/../lib/gcc/arm-none-eabi/12.3.1/../../../../arm-none-eabi/lib/thumb/v7-m/nofp/crt0.o
LOAD ./Core/Src/main.o
LOAD ./Core/Src/ps2.o
LOAD ./Core/Src/stm32f10x_misc.o
LOAD ./Core/Src/stm32f1xx_hal_msp.o
LOAD ./Core/Src/stm32f1xx_it.o
LOAD ./Core/Src/syscalls.o
LOAD ./Core/Src/sysmem.o
LOAD ./Core/Src/system_stm32f1xx.o
LOAD ./Core/Startup/startup_stm32f103c8tx.o
LOAD ./Drivers/STM32F1xx_HAL_Driver/Src/stm32f1xx_hal.o
LOAD ./Drivers/STM32F1xx_HAL_Driver/Src/stm32f1xx_hal_cortex.o
LOAD ./Drivers/STM32F1xx_HAL_Driver/Src/stm32f1xx_hal_dma.o
LOAD ./Drivers/STM32F1xx_HAL_Driver/Src/stm32f1xx_hal_exti.o
LOAD ./Drivers/STM32F1xx_HAL_Driver/Src/stm32f1xx_hal_flash.o
LOAD ./Drivers/STM32F1xx_HAL_Driver/Src/stm32f1xx_hal_flash_ex.o
LOAD ./Drivers/STM32F1xx_HAL_Driver/Src/stm32f1xx_hal_gpio.o
LOAD ./Drivers/STM32F1xx_HAL_Driver/Src/stm32f1xx_hal_gpio_ex.o
LOAD ./Drivers/STM32F1xx_HAL_Driver/Src/stm32f1xx_hal_pwr.o
LOAD ./Drivers/STM32F1xx_HAL_Driver/Src/stm32f1xx_hal_rcc.o
LOAD ./Drivers/STM32F1xx_HAL_Driver/Src/stm32f1xx_hal_rcc_ex.o
LOAD ./Drivers/STM32F1xx_HAL_Driver/Src/stm32f1xx_hal_tim.o
LOAD ./Drivers/STM32F1xx_HAL_Driver/Src/stm32f1xx_hal_tim_ex.o
LOAD ./Drivers/STM32F1xx_HAL_Driver/Src/stm32f1xx_hal_uart.o
LOAD ./Drivers/tinyprintf/printf.o
START GROUP
LOAD C:/ST/STM32CubeIDE_1.15.1/STM32CubeIDE/plugins/com.st.stm32cube.ide.mcu.externaltools.gnu-tools-for-stm32.12.3.rel1.win32_1.0.100.202403111256/tools/bin/../lib/gcc/arm-none-eabi/12.3.1/../../../../arm-none-eabi/lib/thumb/v7-m/nofp\libc_nano.a
LOAD C:/ST/STM32CubeIDE_1.15.1/STM32CubeIDE/plugins/com.st.stm32cube.ide.mcu.externaltools.gnu-tools-for-stm32.12.3.rel1.win32_1.0.100.202403111256/tools/bin/../lib/gcc/arm-none-eabi/12.3.1/../../../../arm-none-eabi/lib/thumb/v7-m/nofp\libm.a
END GROUP
START GROUP
LOAD C:/ST/STM32CubeIDE_1.15.1/STM32CubeIDE/plugins/com.st.stm32cube.ide.mcu.externaltools.gnu-tools-for-stm32.12.3.rel1.win32_1.0.100.202403111256/tools/bin/../lib/gcc/arm-none-eabi/12.3.1/thumb/v7-m/nofp\libgcc.a
LOAD C:/ST/STM32CubeIDE_1.15.1/STM32CubeIDE/plugins/com.st.stm32cube.ide.mcu.externaltools.gnu-tools-for-stm32.12.3.rel1.win32_1.0.100.202403111256/tools/bin/../lib/gcc/arm-none-eabi/12.3.1/../../../../arm-none-eabi/lib/thumb/v7-m/nofp\libc_nano.a
END GROUP
START GROUP
LOAD C:/ST/STM32CubeIDE_1.15.1/STM32CubeIDE/plugins/com.st.stm32cube.ide.mcu.externaltools.gnu-tools-for-stm32.12.3.rel1.win32_1.0.100.202403111256/tools/bin/../lib/gcc/arm-none-eabi/12.3.1/thumb/v7-m/nofp\libgcc.a
LOAD C:/ST/STM32CubeIDE_1.15.1/STM32CubeIDE/plugins/com.st.stm32cube.ide.mcu.externaltools.gnu-tools-for-stm32.12.3.rel1.win32_1.0.100.202403111256/tools/bin/../lib/gcc/arm-none-eabi/12.3.1/../../../../arm-none-eabi/lib/thumb/v7-m/nofp\libc_nano.a
LOAD C:/ST/STM32CubeIDE_1.15.1/STM32CubeIDE/plugins/com.st.stm32cube.ide.mcu.externaltools.gnu-tools-for-stm32.12.3.rel1.win32_1.0.100.202403111256/tools/bin/../lib/gcc/arm-none-eabi/12.3.1/../../../../arm-none-eabi/lib/thumb/v7-m/nofp\libnosys.a
END GROUP
START GROUP
LOAD C:/ST/STM32CubeIDE_1.15.1/STM32CubeIDE/plugins/com.st.stm32cube.ide.mcu.externaltools.gnu-tools-for-stm32.12.3.rel1.win32_1.0.100.202403111256/tools/bin/../lib/gcc/arm-none-eabi/12.3.1/thumb/v7-m/nofp\libgcc.a
LOAD C:/ST/STM32CubeIDE_1.15.1/STM32CubeIDE/plugins/com.st.stm32cube.ide.mcu.externaltools.gnu-tools-for-stm32.12.3.rel1.win32_1.0.100.202403111256/tools/bin/../lib/gcc/arm-none-eabi/12.3.1/../../../../arm-none-eabi/lib/thumb/v7-m/nofp\libc_nano.a
LOAD C:/ST/STM32CubeIDE_1.15.1/STM32CubeIDE/plugins/com.st.stm32cube.ide.mcu.externaltools.gnu-tools-for-stm32.12.3.rel1.win32_1.0.100.202403111256/tools/bin/../lib/gcc/arm-none-eabi/12.3.1/../../../../arm-none-eabi/lib/thumb/v7-m/nofp\libnosys.a
END GROUP
LOAD C:/ST/STM32CubeIDE_1.15.1/STM32CubeIDE/plugins/com.st.stm32cube.ide.mcu.externaltools.gnu-tools-for-stm32.12.3.rel1.win32_1.0.100.202403111256/tools/bin/../lib/gcc/arm-none-eabi/12.3.1/thumb/v7-m/nofp/crtend.o
LOAD C:/ST/STM32CubeIDE_1.15.1/STM32CubeIDE/plugins/com.st.stm32cube.ide.mcu.externaltools.gnu-tools-for-stm32.12.3.rel1.win32_1.0.100.202403111256/tools/bin/../lib/gcc/arm-none-eabi/12.3.1/thumb/v7-m/nofp/crtn.o
                0x20005000                        _estack = (ORIGIN (RAM) + LENGTH (RAM))
                0x00000200                        _Min_Heap_Size = 0x200
                0x00000400                        _Min_Stack_Size = 0x400

.isr_vector     0x08000000      0x10c
                0x08000000                        . = ALIGN (0x4)
 *(.isr_vector)
 .isr_vector    0x08000000      0x10c ./Core/Startup/startup_stm32f103c8tx.o
                0x08000000                g_pfnVectors
                0x0800010c                        . = ALIGN (0x4)

.text           0x0800010c     0x3318
                0x0800010c                        . = ALIGN (0x4)
 *(.text)
 .text          0x0800010c       0x40 C:/ST/STM32CubeIDE_1.15.1/STM32CubeIDE/plugins/com.st.stm32cube.ide.mcu.externaltools.gnu-tools-for-stm32.12.3.rel1.win32_1.0.100.202403111256/tools/bin/../lib/gcc/arm-none-eabi/12.3.1/thumb/v7-m/nofp/crtbegin.o
 *(.text*)
 .text.HAL_TIM_OC_DelayElapsedCallback
                0x0800014c       0x34 ./Core/Src/main.o
                0x0800014c                HAL_TIM_OC_DelayElapsedCallback
 .text.HAL_GPIO_EXTI_Callback
                0x08000180       0x30 ./Core/Src/main.o
                0x08000180                HAL_GPIO_EXTI_Callback
 .text.__io_putchar
                0x080001b0       0x3c ./Core/Src/main.o
                0x080001b0                __io_putchar
 .text.main     0x080001ec       0x84 ./Core/Src/main.o
                0x080001ec                main
 .text.SystemClock_Config
                0x08000270       0x88 ./Core/Src/main.o
                0x08000270                SystemClock_Config
 .text.MX_TIM2_Init
                0x080002f8      0x108 ./Core/Src/main.o
 .text.MX_USART1_UART_Init
                0x08000400       0x54 ./Core/Src/main.o
 .text.MX_GPIO_Init
                0x08000454       0xc8 ./Core/Src/main.o
 .text.Error_Handler
                0x0800051c        0xc ./Core/Src/main.o
                0x0800051c                Error_Handler
 .text.PS2_SendDataIRQHandler
                0x08000528       0xe8 ./Core/Src/ps2.o
                0x08000528                PS2_SendDataIRQHandler
 .text.PS2_ReceiveDataIRQHandler
                0x08000610       0xfc ./Core/Src/ps2.o
                0x08000610                PS2_ReceiveDataIRQHandler
 .text.PS2_DataIRQHandler
                0x0800070c       0x70 ./Core/Src/ps2.o
                0x0800070c                PS2_DataIRQHandler
 .text.PS2_CheckRequestToReceive
                0x0800077c       0x54 ./Core/Src/ps2.o
                0x0800077c                PS2_CheckRequestToReceive
 .text.PS2_CheckRequestToSend
                0x080007d0       0x34 ./Core/Src/ps2.o
                0x080007d0                PS2_CheckRequestToSend
 .text.PS2_ClearFinishedSend
                0x08000804       0x34 ./Core/Src/ps2.o
                0x08000804                PS2_ClearFinishedSend
 .text.PS2_ClearFinishedReceive
                0x08000838       0x2c ./Core/Src/ps2.o
                0x08000838                PS2_ClearFinishedReceive
 .text.PS2_ClockIRQHandler
                0x08000864       0x64 ./Core/Src/ps2.o
                0x08000864                PS2_ClockIRQHandler
 .text.TIM_ReadDirection
                0x080008c8       0x1e ./Core/Src/stm32f10x_misc.o
                0x080008c8                TIM_ReadDirection
 *fill*         0x080008e6        0x2 
 .text.HAL_MspInit
                0x080008e8       0x64 ./Core/Src/stm32f1xx_hal_msp.o
                0x080008e8                HAL_MspInit
 .text.HAL_TIM_Base_MspInit
                0x0800094c       0x48 ./Core/Src/stm32f1xx_hal_msp.o
                0x0800094c                HAL_TIM_Base_MspInit
 .text.HAL_TIM_MspPostInit
                0x08000994       0xc0 ./Core/Src/stm32f1xx_hal_msp.o
                0x08000994                HAL_TIM_MspPostInit
 .text.HAL_UART_MspInit
                0x08000a54       0x98 ./Core/Src/stm32f1xx_hal_msp.o
                0x08000a54                HAL_UART_MspInit
 .text.NMI_Handler
                0x08000aec        0x8 ./Core/Src/stm32f1xx_it.o
                0x08000aec                NMI_Handler
 .text.HardFault_Handler
                0x08000af4        0x8 ./Core/Src/stm32f1xx_it.o
                0x08000af4                HardFault_Handler
 .text.MemManage_Handler
                0x08000afc        0x8 ./Core/Src/stm32f1xx_it.o
                0x08000afc                MemManage_Handler
 .text.BusFault_Handler
                0x08000b04        0x8 ./Core/Src/stm32f1xx_it.o
                0x08000b04                BusFault_Handler
 .text.UsageFault_Handler
                0x08000b0c        0x8 ./Core/Src/stm32f1xx_it.o
                0x08000b0c                UsageFault_Handler
 .text.SVC_Handler
                0x08000b14        0xc ./Core/Src/stm32f1xx_it.o
                0x08000b14                SVC_Handler
 .text.DebugMon_Handler
                0x08000b20        0xc ./Core/Src/stm32f1xx_it.o
                0x08000b20                DebugMon_Handler
 .text.PendSV_Handler
                0x08000b2c        0xc ./Core/Src/stm32f1xx_it.o
                0x08000b2c                PendSV_Handler
 .text.SysTick_Handler
                0x08000b38        0xc ./Core/Src/stm32f1xx_it.o
                0x08000b38                SysTick_Handler
 .text.EXTI0_IRQHandler
                0x08000b44        0xe ./Core/Src/stm32f1xx_it.o
                0x08000b44                EXTI0_IRQHandler
 *fill*         0x08000b52        0x2 
 .text.TIM2_IRQHandler
                0x08000b54       0x14 ./Core/Src/stm32f1xx_it.o
                0x08000b54                TIM2_IRQHandler
 .text.SystemInit
                0x08000b68        0xc ./Core/Src/system_stm32f1xx.o
                0x08000b68                SystemInit
 .text.Reset_Handler
                0x08000b74       0x48 ./Core/Startup/startup_stm32f103c8tx.o
                0x08000b74                Reset_Handler
 .text.Default_Handler
                0x08000bbc        0x2 ./Core/Startup/startup_stm32f103c8tx.o
                0x08000bbc                RTC_Alarm_IRQHandler
                0x08000bbc                EXTI2_IRQHandler
                0x08000bbc                TIM1_CC_IRQHandler
                0x08000bbc                PVD_IRQHandler
                0x08000bbc                EXTI3_IRQHandler
                0x08000bbc                I2C2_EV_IRQHandler
                0x08000bbc                ADC1_2_IRQHandler
                0x08000bbc                SPI1_IRQHandler
                0x08000bbc                TAMPER_IRQHandler
                0x08000bbc                DMA1_Channel4_IRQHandler
                0x08000bbc                USART3_IRQHandler
                0x08000bbc                RTC_IRQHandler
                0x08000bbc                DMA1_Channel7_IRQHandler
                0x08000bbc                CAN1_RX1_IRQHandler
                0x08000bbc                TIM4_IRQHandler
                0x08000bbc                I2C1_EV_IRQHandler
                0x08000bbc                DMA1_Channel6_IRQHandler
                0x08000bbc                TIM3_IRQHandler
                0x08000bbc                RCC_IRQHandler
                0x08000bbc                TIM1_TRG_COM_IRQHandler
                0x08000bbc                DMA1_Channel1_IRQHandler
                0x08000bbc                Default_Handler
                0x08000bbc                EXTI15_10_IRQHandler
                0x08000bbc                EXTI9_5_IRQHandler
                0x08000bbc                SPI2_IRQHandler
                0x08000bbc                DMA1_Channel5_IRQHandler
                0x08000bbc                EXTI4_IRQHandler
                0x08000bbc                USB_LP_CAN1_RX0_IRQHandler
                0x08000bbc                USB_HP_CAN1_TX_IRQHandler
                0x08000bbc                DMA1_Channel3_IRQHandler
                0x08000bbc                TIM1_UP_IRQHandler
                0x08000bbc                WWDG_IRQHandler
                0x08000bbc                TIM1_BRK_IRQHandler
                0x08000bbc                EXTI1_IRQHandler
                0x08000bbc                USART2_IRQHandler
                0x08000bbc                I2C2_ER_IRQHandler
                0x08000bbc                DMA1_Channel2_IRQHandler
                0x08000bbc                CAN1_SCE_IRQHandler
                0x08000bbc                FLASH_IRQHandler
                0x08000bbc                USART1_IRQHandler
                0x08000bbc                I2C1_ER_IRQHandler
                0x08000bbc                USBWakeUp_IRQHandler
 *fill*         0x08000bbe        0x2 
 .text.HAL_Init
                0x08000bc0       0x2c ./Drivers/STM32F1xx_HAL_Driver/Src/stm32f1xx_hal.o
                0x08000bc0                HAL_Init
 .text.HAL_InitTick
                0x08000bec       0x60 ./Drivers/STM32F1xx_HAL_Driver/Src/stm32f1xx_hal.o
                0x08000bec                HAL_InitTick
 .text.HAL_IncTick
                0x08000c4c       0x24 ./Drivers/STM32F1xx_HAL_Driver/Src/stm32f1xx_hal.o
                0x08000c4c                HAL_IncTick
 .text.HAL_GetTick
                0x08000c70       0x14 ./Drivers/STM32F1xx_HAL_Driver/Src/stm32f1xx_hal.o
                0x08000c70                HAL_GetTick
 .text.HAL_Delay
                0x08000c84       0x48 ./Drivers/STM32F1xx_HAL_Driver/Src/stm32f1xx_hal.o
                0x08000c84                HAL_Delay
 .text.__NVIC_SetPriorityGrouping
                0x08000ccc       0x48 ./Drivers/STM32F1xx_HAL_Driver/Src/stm32f1xx_hal_cortex.o
 .text.__NVIC_GetPriorityGrouping
                0x08000d14       0x1c ./Drivers/STM32F1xx_HAL_Driver/Src/stm32f1xx_hal_cortex.o
 .text.__NVIC_EnableIRQ
                0x08000d30       0x38 ./Drivers/STM32F1xx_HAL_Driver/Src/stm32f1xx_hal_cortex.o
 .text.__NVIC_SetPriority
                0x08000d68       0x54 ./Drivers/STM32F1xx_HAL_Driver/Src/stm32f1xx_hal_cortex.o
 .text.NVIC_EncodePriority
                0x08000dbc       0x64 ./Drivers/STM32F1xx_HAL_Driver/Src/stm32f1xx_hal_cortex.o
 .text.SysTick_Config
                0x08000e20       0x44 ./Drivers/STM32F1xx_HAL_Driver/Src/stm32f1xx_hal_cortex.o
 .text.HAL_NVIC_SetPriorityGrouping
                0x08000e64       0x16 ./Drivers/STM32F1xx_HAL_Driver/Src/stm32f1xx_hal_cortex.o
                0x08000e64                HAL_NVIC_SetPriorityGrouping
 .text.HAL_NVIC_SetPriority
                0x08000e7a       0x38 ./Drivers/STM32F1xx_HAL_Driver/Src/stm32f1xx_hal_cortex.o
                0x08000e7a                HAL_NVIC_SetPriority
 .text.HAL_NVIC_EnableIRQ
                0x08000eb2       0x1c ./Drivers/STM32F1xx_HAL_Driver/Src/stm32f1xx_hal_cortex.o
                0x08000eb2                HAL_NVIC_EnableIRQ
 .text.HAL_SYSTICK_Config
                0x08000ece       0x18 ./Drivers/STM32F1xx_HAL_Driver/Src/stm32f1xx_hal_cortex.o
                0x08000ece                HAL_SYSTICK_Config
 *fill*         0x08000ee6        0x2 
 .text.HAL_GPIO_Init
                0x08000ee8      0x308 ./Drivers/STM32F1xx_HAL_Driver/Src/stm32f1xx_hal_gpio.o
                0x08000ee8                HAL_GPIO_Init
 .text.HAL_GPIO_ReadPin
                0x080011f0       0x2e ./Drivers/STM32F1xx_HAL_Driver/Src/stm32f1xx_hal_gpio.o
                0x080011f0                HAL_GPIO_ReadPin
 .text.HAL_GPIO_WritePin
                0x0800121e       0x30 ./Drivers/STM32F1xx_HAL_Driver/Src/stm32f1xx_hal_gpio.o
                0x0800121e                HAL_GPIO_WritePin
 *fill*         0x0800124e        0x2 
 .text.HAL_GPIO_EXTI_IRQHandler
                0x08001250       0x30 ./Drivers/STM32F1xx_HAL_Driver/Src/stm32f1xx_hal_gpio.o
                0x08001250                HAL_GPIO_EXTI_IRQHandler
 .text.HAL_RCC_OscConfig
                0x08001280      0x504 ./Drivers/STM32F1xx_HAL_Driver/Src/stm32f1xx_hal_rcc.o
                0x08001280                HAL_RCC_OscConfig
 .text.HAL_RCC_ClockConfig
                0x08001784      0x1d4 ./Drivers/STM32F1xx_HAL_Driver/Src/stm32f1xx_hal_rcc.o
                0x08001784                HAL_RCC_ClockConfig
 .text.HAL_RCC_GetSysClockFreq
                0x08001958       0xa8 ./Drivers/STM32F1xx_HAL_Driver/Src/stm32f1xx_hal_rcc.o
                0x08001958                HAL_RCC_GetSysClockFreq
 .text.HAL_RCC_GetHCLKFreq
                0x08001a00       0x14 ./Drivers/STM32F1xx_HAL_Driver/Src/stm32f1xx_hal_rcc.o
                0x08001a00                HAL_RCC_GetHCLKFreq
 .text.HAL_RCC_GetPCLK1Freq
                0x08001a14       0x28 ./Drivers/STM32F1xx_HAL_Driver/Src/stm32f1xx_hal_rcc.o
                0x08001a14                HAL_RCC_GetPCLK1Freq
 .text.HAL_RCC_GetPCLK2Freq
                0x08001a3c       0x28 ./Drivers/STM32F1xx_HAL_Driver/Src/stm32f1xx_hal_rcc.o
                0x08001a3c                HAL_RCC_GetPCLK2Freq
 .text.RCC_Delay
                0x08001a64       0x3c ./Drivers/STM32F1xx_HAL_Driver/Src/stm32f1xx_hal_rcc.o
 .text.HAL_TIM_Base_Init
                0x08001aa0       0x9e ./Drivers/STM32F1xx_HAL_Driver/Src/stm32f1xx_hal_tim.o
                0x08001aa0                HAL_TIM_Base_Init
 .text.HAL_TIM_OC_Init
                0x08001b3e       0x9e ./Drivers/STM32F1xx_HAL_Driver/Src/stm32f1xx_hal_tim.o
                0x08001b3e                HAL_TIM_OC_Init
 .text.HAL_TIM_OC_MspInit
                0x08001bdc       0x12 ./Drivers/STM32F1xx_HAL_Driver/Src/stm32f1xx_hal_tim.o
                0x08001bdc                HAL_TIM_OC_MspInit
 *fill*         0x08001bee        0x2 
 .text.HAL_TIM_OC_Start_IT
                0x08001bf0      0x1e0 ./Drivers/STM32F1xx_HAL_Driver/Src/stm32f1xx_hal_tim.o
                0x08001bf0                HAL_TIM_OC_Start_IT
 .text.HAL_TIM_IRQHandler
                0x08001dd0      0x1e0 ./Drivers/STM32F1xx_HAL_Driver/Src/stm32f1xx_hal_tim.o
                0x08001dd0                HAL_TIM_IRQHandler
 .text.HAL_TIM_OC_ConfigChannel
                0x08001fb0       0xb8 ./Drivers/STM32F1xx_HAL_Driver/Src/stm32f1xx_hal_tim.o
                0x08001fb0                HAL_TIM_OC_ConfigChannel
 .text.HAL_TIM_ConfigClockSource
                0x08002068      0x18e ./Drivers/STM32F1xx_HAL_Driver/Src/stm32f1xx_hal_tim.o
                0x08002068                HAL_TIM_ConfigClockSource
 .text.HAL_TIM_PeriodElapsedCallback
                0x080021f6       0x12 ./Drivers/STM32F1xx_HAL_Driver/Src/stm32f1xx_hal_tim.o
                0x080021f6                HAL_TIM_PeriodElapsedCallback
 .text.HAL_TIM_IC_CaptureCallback
                0x08002208       0x12 ./Drivers/STM32F1xx_HAL_Driver/Src/stm32f1xx_hal_tim.o
                0x08002208                HAL_TIM_IC_CaptureCallback
 .text.HAL_TIM_PWM_PulseFinishedCallback
                0x0800221a       0x12 ./Drivers/STM32F1xx_HAL_Driver/Src/stm32f1xx_hal_tim.o
                0x0800221a                HAL_TIM_PWM_PulseFinishedCallback
 .text.HAL_TIM_TriggerCallback
                0x0800222c       0x12 ./Drivers/STM32F1xx_HAL_Driver/Src/stm32f1xx_hal_tim.o
                0x0800222c                HAL_TIM_TriggerCallback
 *fill*         0x0800223e        0x2 
 .text.TIM_Base_SetConfig
                0x08002240       0xdc ./Drivers/STM32F1xx_HAL_Driver/Src/stm32f1xx_hal_tim.o
                0x08002240                TIM_Base_SetConfig
 .text.TIM_OC1_SetConfig
                0x0800231c       0xcc ./Drivers/STM32F1xx_HAL_Driver/Src/stm32f1xx_hal_tim.o
 .text.TIM_OC2_SetConfig
                0x080023e8       0xd4 ./Drivers/STM32F1xx_HAL_Driver/Src/stm32f1xx_hal_tim.o
                0x080023e8                TIM_OC2_SetConfig
 .text.TIM_OC3_SetConfig
                0x080024bc       0xd4 ./Drivers/STM32F1xx_HAL_Driver/Src/stm32f1xx_hal_tim.o
 .text.TIM_OC4_SetConfig
                0x08002590       0x9c ./Drivers/STM32F1xx_HAL_Driver/Src/stm32f1xx_hal_tim.o
 .text.TIM_TI1_ConfigInputStage
                0x0800262c       0x5c ./Drivers/STM32F1xx_HAL_Driver/Src/stm32f1xx_hal_tim.o
 .text.TIM_TI2_ConfigInputStage
                0x08002688       0x5e ./Drivers/STM32F1xx_HAL_Driver/Src/stm32f1xx_hal_tim.o
 .text.TIM_ITRx_SetConfig
                0x080026e6       0x34 ./Drivers/STM32F1xx_HAL_Driver/Src/stm32f1xx_hal_tim.o
 .text.TIM_ETR_SetConfig
                0x0800271a       0x3e ./Drivers/STM32F1xx_HAL_Driver/Src/stm32f1xx_hal_tim.o
                0x0800271a                TIM_ETR_SetConfig
 .text.TIM_CCxChannelCmd
                0x08002758       0x48 ./Drivers/STM32F1xx_HAL_Driver/Src/stm32f1xx_hal_tim.o
                0x08002758                TIM_CCxChannelCmd
 .text.HAL_TIMEx_MasterConfigSynchronization
                0x080027a0       0xbc ./Drivers/STM32F1xx_HAL_Driver/Src/stm32f1xx_hal_tim_ex.o
                0x080027a0                HAL_TIMEx_MasterConfigSynchronization
 .text.HAL_TIMEx_CommutCallback
                0x0800285c       0x12 ./Drivers/STM32F1xx_HAL_Driver/Src/stm32f1xx_hal_tim_ex.o
                0x0800285c                HAL_TIMEx_CommutCallback
 .text.HAL_TIMEx_BreakCallback
                0x0800286e       0x12 ./Drivers/STM32F1xx_HAL_Driver/Src/stm32f1xx_hal_tim_ex.o
                0x0800286e                HAL_TIMEx_BreakCallback
 .text.HAL_UART_Init
                0x08002880       0xa0 ./Drivers/STM32F1xx_HAL_Driver/Src/stm32f1xx_hal_uart.o
                0x08002880                HAL_UART_Init
 .text.HAL_UART_Transmit
                0x08002920      0x116 ./Drivers/STM32F1xx_HAL_Driver/Src/stm32f1xx_hal_uart.o
                0x08002920                HAL_UART_Transmit
 .text.UART_WaitOnFlagUntilTimeout
                0x08002a36       0xb2 ./Drivers/STM32F1xx_HAL_Driver/Src/stm32f1xx_hal_uart.o
 .text.UART_EndRxTransfer
                0x08002ae8       0xc4 ./Drivers/STM32F1xx_HAL_Driver/Src/stm32f1xx_hal_uart.o
 .text.UART_SetConfig
                0x08002bac      0x11c ./Drivers/STM32F1xx_HAL_Driver/Src/stm32f1xx_hal_uart.o
 .text.uli2a    0x08002cc8       0xb6 ./Drivers/tinyprintf/printf.o
 .text.li2a     0x08002d7e       0x2e ./Drivers/tinyprintf/printf.o
 .text.ui2a     0x08002dac       0xb6 ./Drivers/tinyprintf/printf.o
 .text.i2a      0x08002e62       0x2e ./Drivers/tinyprintf/printf.o
 .text.a2d      0x08002e90       0x4e ./Drivers/tinyprintf/printf.o
 .text.a2i      0x08002ede       0x66 ./Drivers/tinyprintf/printf.o
 .text.putchw   0x08002f44      0x12e ./Drivers/tinyprintf/printf.o
 *fill*         0x08003072        0x2 
 .text.tfp_format
                0x08003074      0x2e4 ./Drivers/tinyprintf/printf.o
                0x08003074                tfp_format
 .text.init_printf
                0x08003358       0x28 ./Drivers/tinyprintf/printf.o
                0x08003358                init_printf
 .text.tfp_printf
                0x08003380       0x34 ./Drivers/tinyprintf/printf.o
                0x08003380                tfp_printf
 .text.memset   0x080033b4       0x10 C:/ST/STM32CubeIDE_1.15.1/STM32CubeIDE/plugins/com.st.stm32cube.ide.mcu.externaltools.gnu-tools-for-stm32.12.3.rel1.win32_1.0.100.202403111256/tools/bin/../lib/gcc/arm-none-eabi/12.3.1/../../../../arm-none-eabi/lib/thumb/v7-m/nofp\libc_nano.a(libc_a-memset.o)
                0x080033b4                memset
 .text.__libc_init_array
                0x080033c4       0x48 C:/ST/STM32CubeIDE_1.15.1/STM32CubeIDE/plugins/com.st.stm32cube.ide.mcu.externaltools.gnu-tools-for-stm32.12.3.rel1.win32_1.0.100.202403111256/tools/bin/../lib/gcc/arm-none-eabi/12.3.1/../../../../arm-none-eabi/lib/thumb/v7-m/nofp\libc_nano.a(libc_a-init.o)
                0x080033c4                __libc_init_array
 *(.glue_7)
 .glue_7        0x0800340c        0x0 linker stubs
 *(.glue_7t)
 .glue_7t       0x0800340c        0x0 linker stubs
 *(.eh_frame)
 .eh_frame      0x0800340c        0x0 C:/ST/STM32CubeIDE_1.15.1/STM32CubeIDE/plugins/com.st.stm32cube.ide.mcu.externaltools.gnu-tools-for-stm32.12.3.rel1.win32_1.0.100.202403111256/tools/bin/../lib/gcc/arm-none-eabi/12.3.1/thumb/v7-m/nofp/crtbegin.o
 *(.init)
 .init          0x0800340c        0x4 C:/ST/STM32CubeIDE_1.15.1/STM32CubeIDE/plugins/com.st.stm32cube.ide.mcu.externaltools.gnu-tools-for-stm32.12.3.rel1.win32_1.0.100.202403111256/tools/bin/../lib/gcc/arm-none-eabi/12.3.1/thumb/v7-m/nofp/crti.o
                0x0800340c                _init
 .init          0x08003410        0x8 C:/ST/STM32CubeIDE_1.15.1/STM32CubeIDE/plugins/com.st.stm32cube.ide.mcu.externaltools.gnu-tools-for-stm32.12.3.rel1.win32_1.0.100.202403111256/tools/bin/../lib/gcc/arm-none-eabi/12.3.1/thumb/v7-m/nofp/crtn.o
 *(.fini)
 .fini          0x08003418        0x4 C:/ST/STM32CubeIDE_1.15.1/STM32CubeIDE/plugins/com.st.stm32cube.ide.mcu.externaltools.gnu-tools-for-stm32.12.3.rel1.win32_1.0.100.202403111256/tools/bin/../lib/gcc/arm-none-eabi/12.3.1/thumb/v7-m/nofp/crti.o
                0x08003418                _fini
 .fini          0x0800341c        0x8 C:/ST/STM32CubeIDE_1.15.1/STM32CubeIDE/plugins/com.st.stm32cube.ide.mcu.externaltools.gnu-tools-for-stm32.12.3.rel1.win32_1.0.100.202403111256/tools/bin/../lib/gcc/arm-none-eabi/12.3.1/thumb/v7-m/nofp/crtn.o
                0x08003424                        . = ALIGN (0x4)
                0x08003424                        _etext = .

.vfp11_veneer   0x08003424        0x0
 .vfp11_veneer  0x08003424        0x0 linker stubs

.v4_bx          0x08003424        0x0
 .v4_bx         0x08003424        0x0 linker stubs

.iplt           0x08003424        0x0
 .iplt          0x08003424        0x0 C:/ST/STM32CubeIDE_1.15.1/STM32CubeIDE/plugins/com.st.stm32cube.ide.mcu.externaltools.gnu-tools-for-stm32.12.3.rel1.win32_1.0.100.202403111256/tools/bin/../lib/gcc/arm-none-eabi/12.3.1/thumb/v7-m/nofp/crtbegin.o

.rodata         0x08003424       0x44
                0x08003424                        . = ALIGN (0x4)
 *(.rodata)
 .rodata        0x08003424       0x16 ./Core/Src/main.o
 *(.rodata*)
 *fill*         0x0800343a        0x2 
 .rodata.AHBPrescTable
                0x0800343c       0x10 ./Core/Src/system_stm32f1xx.o
                0x0800343c                AHBPrescTable
 .rodata.APBPrescTable
                0x0800344c        0x8 ./Core/Src/system_stm32f1xx.o
                0x0800344c                APBPrescTable
 .rodata.aPLLMULFactorTable.1
                0x08003454       0x10 ./Drivers/STM32F1xx_HAL_Driver/Src/stm32f1xx_hal_rcc.o
 .rodata.aPredivFactorTable.0
                0x08003464        0x2 ./Drivers/STM32F1xx_HAL_Driver/Src/stm32f1xx_hal_rcc.o
                0x08003468                        . = ALIGN (0x4)
 *fill*         0x08003466        0x2 

.ARM.extab      0x08003468        0x0
                0x08003468                        . = ALIGN (0x4)
 *(.ARM.extab* .gnu.linkonce.armextab.*)
                0x08003468                        . = ALIGN (0x4)

.ARM            0x08003468        0x0
                0x08003468                        . = ALIGN (0x4)
                0x08003468                        __exidx_start = .
 *(.ARM.exidx*)
                0x08003468                        __exidx_end = .
                0x08003468                        . = ALIGN (0x4)

.preinit_array  0x08003468        0x0
                0x08003468                        . = ALIGN (0x4)
                0x08003468                        PROVIDE (__preinit_array_start = .)
 *(.preinit_array*)
                0x08003468                        PROVIDE (__preinit_array_end = .)
                0x08003468                        . = ALIGN (0x4)

.init_array     0x08003468        0x4
                0x08003468                        . = ALIGN (0x4)
                0x08003468                        PROVIDE (__init_array_start = .)
 *(SORT_BY_NAME(.init_array.*))
 *(.init_array*)
 .init_array    0x08003468        0x4 C:/ST/STM32CubeIDE_1.15.1/STM32CubeIDE/plugins/com.st.stm32cube.ide.mcu.externaltools.gnu-tools-for-stm32.12.3.rel1.win32_1.0.100.202403111256/tools/bin/../lib/gcc/arm-none-eabi/12.3.1/thumb/v7-m/nofp/crtbegin.o
                0x0800346c                        PROVIDE (__init_array_end = .)
                0x0800346c                        . = ALIGN (0x4)

.fini_array     0x0800346c        0x4
                0x0800346c                        . = ALIGN (0x4)
                [!provide]                        PROVIDE (__fini_array_start = .)
 *(SORT_BY_NAME(.fini_array.*))
 *(.fini_array*)
 .fini_array    0x0800346c        0x4 C:/ST/STM32CubeIDE_1.15.1/STM32CubeIDE/plugins/com.st.stm32cube.ide.mcu.externaltools.gnu-tools-for-stm32.12.3.rel1.win32_1.0.100.202403111256/tools/bin/../lib/gcc/arm-none-eabi/12.3.1/thumb/v7-m/nofp/crtbegin.o
                [!provide]                        PROVIDE (__fini_array_end = .)
                0x08003470                        . = ALIGN (0x4)
                0x08003470                        _sidata = LOADADDR (.data)

.rel.dyn        0x08003470        0x0
 .rel.iplt      0x08003470        0x0 C:/ST/STM32CubeIDE_1.15.1/STM32CubeIDE/plugins/com.st.stm32cube.ide.mcu.externaltools.gnu-tools-for-stm32.12.3.rel1.win32_1.0.100.202403111256/tools/bin/../lib/gcc/arm-none-eabi/12.3.1/thumb/v7-m/nofp/crtbegin.o

.data           0x20000000        0xc load address 0x08003470
                0x20000000                        . = ALIGN (0x4)
                0x20000000                        _sdata = .
 *(.data)
 *(.data*)
 .data.SystemCoreClock
                0x20000000        0x4 ./Core/Src/system_stm32f1xx.o
                0x20000000                SystemCoreClock
 .data.uwTickPrio
                0x20000004        0x4 ./Drivers/STM32F1xx_HAL_Driver/Src/stm32f1xx_hal.o
                0x20000004                uwTickPrio
 .data.uwTickFreq
                0x20000008        0x1 ./Drivers/STM32F1xx_HAL_Driver/Src/stm32f1xx_hal.o
                0x20000008                uwTickFreq
 *(.RamFunc)
 *(.RamFunc*)
                0x2000000c                        . = ALIGN (0x4)
 *fill*         0x20000009        0x3 
                0x2000000c                        _edata = .

.igot.plt       0x2000000c        0x0 load address 0x0800347c
 .igot.plt      0x2000000c        0x0 C:/ST/STM32CubeIDE_1.15.1/STM32CubeIDE/plugins/com.st.stm32cube.ide.mcu.externaltools.gnu-tools-for-stm32.12.3.rel1.win32_1.0.100.202403111256/tools/bin/../lib/gcc/arm-none-eabi/12.3.1/thumb/v7-m/nofp/crtbegin.o
                0x2000000c                        . = ALIGN (0x4)

.bss            0x2000000c       0xc0 load address 0x0800347c
                0x2000000c                        _sbss = .
                0x2000000c                        __bss_start__ = _sbss
 *(.bss)
 .bss           0x2000000c       0x1c C:/ST/STM32CubeIDE_1.15.1/STM32CubeIDE/plugins/com.st.stm32cube.ide.mcu.externaltools.gnu-tools-for-stm32.12.3.rel1.win32_1.0.100.202403111256/tools/bin/../lib/gcc/arm-none-eabi/12.3.1/thumb/v7-m/nofp/crtbegin.o
 *(.bss*)
 .bss.htim2     0x20000028       0x48 ./Core/Src/main.o
                0x20000028                htim2
 .bss.huart1    0x20000070       0x48 ./Core/Src/main.o
                0x20000070                huart1
 .bss.PS2_State
                0x200000b8        0x1 ./Core/Src/ps2.o
                0x200000b8                PS2_State
 .bss.PS2_TransferState
                0x200000b9        0x1 ./Core/Src/ps2.o
                0x200000b9                PS2_TransferState
 .bss.PS2_SendRequest
                0x200000ba        0x1 ./Core/Src/ps2.o
                0x200000ba                PS2_SendRequest
 .bss.PS2_OutputData
                0x200000bb        0x1 ./Core/Src/ps2.o
                0x200000bb                PS2_OutputData
 .bss.PS2_OutputBitNr
                0x200000bc        0x1 ./Core/Src/ps2.o
                0x200000bc                PS2_OutputBitNr
 .bss.PS2_InputData
                0x200000bd        0x1 ./Core/Src/ps2.o
                0x200000bd                PS2_InputData
 .bss.PS2_InputBitNr
                0x200000be        0x1 ./Core/Src/ps2.o
                0x200000be                PS2_InputBitNr
 .bss.PS2_Parity
                0x200000bf        0x1 ./Core/Src/ps2.o
                0x200000bf                PS2_Parity
 .bss.uwTick    0x200000c0        0x4 ./Drivers/STM32F1xx_HAL_Driver/Src/stm32f1xx_hal.o
                0x200000c0                uwTick
 .bss.stdout_putf
                0x200000c4        0x4 ./Drivers/tinyprintf/printf.o
 .bss.stdout_putp
                0x200000c8        0x4 ./Drivers/tinyprintf/printf.o
 *(COMMON)
                0x200000cc                        . = ALIGN (0x4)
                0x200000cc                        _ebss = .
                0x200000cc                        __bss_end__ = _ebss

._user_heap_stack
                0x200000cc      0x604 load address 0x0800347c
                0x200000d0                        . = ALIGN (0x8)
 *fill*         0x200000cc        0x4 
                [!provide]                        PROVIDE (end = .)
                0x200000d0                        PROVIDE (_end = .)
                0x200002d0                        . = (. + _Min_Heap_Size)
 *fill*         0x200000d0      0x200 
                0x200006d0                        . = (. + _Min_Stack_Size)
 *fill*         0x200002d0      0x400 
                0x200006d0                        . = ALIGN (0x8)

/DISCARD/
 libc.a(*)
 libm.a(*)
 libgcc.a(*)

.ARM.attributes
                0x00000000       0x29
 *(.ARM.attributes)
 .ARM.attributes
                0x00000000       0x1d C:/ST/STM32CubeIDE_1.15.1/STM32CubeIDE/plugins/com.st.stm32cube.ide.mcu.externaltools.gnu-tools-for-stm32.12.3.rel1.win32_1.0.100.202403111256/tools/bin/../lib/gcc/arm-none-eabi/12.3.1/thumb/v7-m/nofp/crti.o
 .ARM.attributes
                0x0000001d       0x2d C:/ST/STM32CubeIDE_1.15.1/STM32CubeIDE/plugins/com.st.stm32cube.ide.mcu.externaltools.gnu-tools-for-stm32.12.3.rel1.win32_1.0.100.202403111256/tools/bin/../lib/gcc/arm-none-eabi/12.3.1/thumb/v7-m/nofp/crtbegin.o
 .ARM.attributes
                0x0000004a       0x2d ./Core/Src/main.o
 .ARM.attributes
                0x00000077       0x2d ./Core/Src/ps2.o
 .ARM.attributes
                0x000000a4       0x2d ./Core/Src/stm32f10x_misc.o
 .ARM.attributes
                0x000000d1       0x2d ./Core/Src/stm32f1xx_hal_msp.o
 .ARM.attributes
                0x000000fe       0x2d ./Core/Src/stm32f1xx_it.o
 .ARM.attributes
                0x0000012b       0x2d ./Core/Src/system_stm32f1xx.o
 .ARM.attributes
                0x00000158       0x21 ./Core/Startup/startup_stm32f103c8tx.o
 .ARM.attributes
                0x00000179       0x2d ./Drivers/STM32F1xx_HAL_Driver/Src/stm32f1xx_hal.o
 .ARM.attributes
                0x000001a6       0x2d ./Drivers/STM32F1xx_HAL_Driver/Src/stm32f1xx_hal_cortex.o
 .ARM.attributes
                0x000001d3       0x2d ./Drivers/STM32F1xx_HAL_Driver/Src/stm32f1xx_hal_gpio.o
 .ARM.attributes
                0x00000200       0x2d ./Drivers/STM32F1xx_HAL_Driver/Src/stm32f1xx_hal_rcc.o
 .ARM.attributes
                0x0000022d       0x2d ./Drivers/STM32F1xx_HAL_Driver/Src/stm32f1xx_hal_tim.o
 .ARM.attributes
                0x0000025a       0x2d ./Drivers/STM32F1xx_HAL_Driver/Src/stm32f1xx_hal_tim_ex.o
 .ARM.attributes
                0x00000287       0x2d ./Drivers/STM32F1xx_HAL_Driver/Src/stm32f1xx_hal_uart.o
 .ARM.attributes
                0x000002b4       0x2d ./Drivers/tinyprintf/printf.o
 .ARM.attributes
                0x000002e1       0x2d C:/ST/STM32CubeIDE_1.15.1/STM32CubeIDE/plugins/com.st.stm32cube.ide.mcu.externaltools.gnu-tools-for-stm32.12.3.rel1.win32_1.0.100.202403111256/tools/bin/../lib/gcc/arm-none-eabi/12.3.1/../../../../arm-none-eabi/lib/thumb/v7-m/nofp\libc_nano.a(libc_a-memset.o)
 .ARM.attributes
                0x0000030e       0x2d C:/ST/STM32CubeIDE_1.15.1/STM32CubeIDE/plugins/com.st.stm32cube.ide.mcu.externaltools.gnu-tools-for-stm32.12.3.rel1.win32_1.0.100.202403111256/tools/bin/../lib/gcc/arm-none-eabi/12.3.1/../../../../arm-none-eabi/lib/thumb/v7-m/nofp\libc_nano.a(libc_a-init.o)
 .ARM.attributes
                0x0000033b       0x1d C:/ST/STM32CubeIDE_1.15.1/STM32CubeIDE/plugins/com.st.stm32cube.ide.mcu.externaltools.gnu-tools-for-stm32.12.3.rel1.win32_1.0.100.202403111256/tools/bin/../lib/gcc/arm-none-eabi/12.3.1/thumb/v7-m/nofp/crtn.o
OUTPUT(STM32_F103PS2.elf elf32-littlearm)
LOAD linker stubs
LOAD C:/ST/STM32CubeIDE_1.15.1/STM32CubeIDE/plugins/com.st.stm32cube.ide.mcu.externaltools.gnu-tools-for-stm32.12.3.rel1.win32_1.0.100.202403111256/tools/bin/../lib/gcc/arm-none-eabi/12.3.1/../../../../arm-none-eabi/lib/thumb/v7-m/nofp\libc.a
LOAD C:/ST/STM32CubeIDE_1.15.1/STM32CubeIDE/plugins/com.st.stm32cube.ide.mcu.externaltools.gnu-tools-for-stm32.12.3.rel1.win32_1.0.100.202403111256/tools/bin/../lib/gcc/arm-none-eabi/12.3.1/../../../../arm-none-eabi/lib/thumb/v7-m/nofp\libm.a
LOAD C:/ST/STM32CubeIDE_1.15.1/STM32CubeIDE/plugins/com.st.stm32cube.ide.mcu.externaltools.gnu-tools-for-stm32.12.3.rel1.win32_1.0.100.202403111256/tools/bin/../lib/gcc/arm-none-eabi/12.3.1/thumb/v7-m/nofp\libgcc.a

.debug_info     0x00000000     0xc068
 .debug_info    0x00000000     0x1182 ./Core/Src/main.o
 .debug_info    0x00001182      0x4ec ./Core/Src/ps2.o
 .debug_info    0x0000166e      0x241 ./Core/Src/stm32f10x_misc.o
 .debug_info    0x000018af      0xdae ./Core/Src/stm32f1xx_hal_msp.o
 .debug_info    0x0000265d      0x6db ./Core/Src/stm32f1xx_it.o
 .debug_info    0x00002d38      0x222 ./Core/Src/system_stm32f1xx.o
 .debug_info    0x00002f5a       0x30 ./Core/Startup/startup_stm32f103c8tx.o
 .debug_info    0x00002f8a      0x704 ./Drivers/STM32F1xx_HAL_Driver/Src/stm32f1xx_hal.o
 .debug_info    0x0000368e      0xa87 ./Drivers/STM32F1xx_HAL_Driver/Src/stm32f1xx_hal_cortex.o
 .debug_info    0x00004115      0x5ab ./Drivers/STM32F1xx_HAL_Driver/Src/stm32f1xx_hal_gpio.o
 .debug_info    0x000046c0      0x7d5 ./Drivers/STM32F1xx_HAL_Driver/Src/stm32f1xx_hal_rcc.o
 .debug_info    0x00004e95     0x2959 ./Drivers/STM32F1xx_HAL_Driver/Src/stm32f1xx_hal_tim.o
 .debug_info    0x000077ee     0x149b ./Drivers/STM32F1xx_HAL_Driver/Src/stm32f1xx_hal_tim_ex.o
 .debug_info    0x00008c89     0x2eed ./Drivers/STM32F1xx_HAL_Driver/Src/stm32f1xx_hal_uart.o
 .debug_info    0x0000bb76      0x4f2 ./Drivers/tinyprintf/printf.o

.debug_abbrev   0x00000000     0x1e8a
 .debug_abbrev  0x00000000      0x330 ./Core/Src/main.o
 .debug_abbrev  0x00000330      0x192 ./Core/Src/ps2.o
 .debug_abbrev  0x000004c2      0x126 ./Core/Src/stm32f10x_misc.o
 .debug_abbrev  0x000005e8      0x1dd ./Core/Src/stm32f1xx_hal_msp.o
 .debug_abbrev  0x000007c5      0x1a6 ./Core/Src/stm32f1xx_it.o
 .debug_abbrev  0x0000096b      0x13f ./Core/Src/system_stm32f1xx.o
 .debug_abbrev  0x00000aaa       0x24 ./Core/Startup/startup_stm32f103c8tx.o
 .debug_abbrev  0x00000ace      0x201 ./Drivers/STM32F1xx_HAL_Driver/Src/stm32f1xx_hal.o
 .debug_abbrev  0x00000ccf      0x2f8 ./Drivers/STM32F1xx_HAL_Driver/Src/stm32f1xx_hal_cortex.o
 .debug_abbrev  0x00000fc7      0x1ca ./Drivers/STM32F1xx_HAL_Driver/Src/stm32f1xx_hal_gpio.o
 .debug_abbrev  0x00001191      0x2b3 ./Drivers/STM32F1xx_HAL_Driver/Src/stm32f1xx_hal_rcc.o
 .debug_abbrev  0x00001444      0x277 ./Drivers/STM32F1xx_HAL_Driver/Src/stm32f1xx_hal_tim.o
 .debug_abbrev  0x000016bb      0x282 ./Drivers/STM32F1xx_HAL_Driver/Src/stm32f1xx_hal_tim_ex.o
 .debug_abbrev  0x0000193d      0x2f8 ./Drivers/STM32F1xx_HAL_Driver/Src/stm32f1xx_hal_uart.o
 .debug_abbrev  0x00001c35      0x255 ./Drivers/tinyprintf/printf.o

.debug_aranges  0x00000000      0xc70
 .debug_aranges
                0x00000000       0x60 ./Core/Src/main.o
 .debug_aranges
                0x00000060       0x58 ./Core/Src/ps2.o
 .debug_aranges
                0x000000b8       0x30 ./Core/Src/stm32f10x_misc.o
 .debug_aranges
                0x000000e8       0x48 ./Core/Src/stm32f1xx_hal_msp.o
 .debug_aranges
                0x00000130       0x70 ./Core/Src/stm32f1xx_it.o
 .debug_aranges
                0x000001a0       0x28 ./Core/Src/system_stm32f1xx.o
 .debug_aranges
                0x000001c8       0x28 ./Core/Startup/startup_stm32f103c8tx.o
 .debug_aranges
                0x000001f0       0xe0 ./Drivers/STM32F1xx_HAL_Driver/Src/stm32f1xx_hal.o
 .debug_aranges
                0x000002d0      0x100 ./Drivers/STM32F1xx_HAL_Driver/Src/stm32f1xx_hal_cortex.o
 .debug_aranges
                0x000003d0       0x58 ./Drivers/STM32F1xx_HAL_Driver/Src/stm32f1xx_hal_gpio.o
 .debug_aranges
                0x00000428       0x90 ./Drivers/STM32F1xx_HAL_Driver/Src/stm32f1xx_hal_rcc.o
 .debug_aranges
                0x000004b8      0x3d0 ./Drivers/STM32F1xx_HAL_Driver/Src/stm32f1xx_hal_tim.o
 .debug_aranges
                0x00000888      0x168 ./Drivers/STM32F1xx_HAL_Driver/Src/stm32f1xx_hal_tim_ex.o
 .debug_aranges
                0x000009f0      0x208 ./Drivers/STM32F1xx_HAL_Driver/Src/stm32f1xx_hal_uart.o
 .debug_aranges
                0x00000bf8       0x78 ./Drivers/tinyprintf/printf.o

.debug_rnglists
                0x00000000      0x9c6
 .debug_rnglists
                0x00000000       0x47 ./Core/Src/main.o
 .debug_rnglists
                0x00000047       0x3f ./Core/Src/ps2.o
 .debug_rnglists
                0x00000086       0x1f ./Core/Src/stm32f10x_misc.o
 .debug_rnglists
                0x000000a5       0x33 ./Core/Src/stm32f1xx_hal_msp.o
 .debug_rnglists
                0x000000d8       0x4f ./Core/Src/stm32f1xx_it.o
 .debug_rnglists
                0x00000127       0x1a ./Core/Src/system_stm32f1xx.o
 .debug_rnglists
                0x00000141       0x19 ./Core/Startup/startup_stm32f103c8tx.o
 .debug_rnglists
                0x0000015a       0xa3 ./Drivers/STM32F1xx_HAL_Driver/Src/stm32f1xx_hal.o
 .debug_rnglists
                0x000001fd       0xbb ./Drivers/STM32F1xx_HAL_Driver/Src/stm32f1xx_hal_cortex.o
 .debug_rnglists
                0x000002b8       0x3f ./Drivers/STM32F1xx_HAL_Driver/Src/stm32f1xx_hal_gpio.o
 .debug_rnglists
                0x000002f7       0x6c ./Drivers/STM32F1xx_HAL_Driver/Src/stm32f1xx_hal_rcc.o
 .debug_rnglists
                0x00000363      0x31a ./Drivers/STM32F1xx_HAL_Driver/Src/stm32f1xx_hal_tim.o
 .debug_rnglists
                0x0000067d      0x125 ./Drivers/STM32F1xx_HAL_Driver/Src/stm32f1xx_hal_tim_ex.o
 .debug_rnglists
                0x000007a2      0x1bc ./Drivers/STM32F1xx_HAL_Driver/Src/stm32f1xx_hal_uart.o
 .debug_rnglists
                0x0000095e       0x68 ./Drivers/tinyprintf/printf.o

.debug_macro    0x00000000    0x16f5b
 .debug_macro   0x00000000      0x1dd ./Core/Src/main.o
 .debug_macro   0x000001dd      0xaa8 ./Core/Src/main.o
 .debug_macro   0x00000c85      0x21b ./Core/Src/main.o
 .debug_macro   0x00000ea0       0x2e ./Core/Src/main.o
 .debug_macro   0x00000ece       0x22 ./Core/Src/main.o
 .debug_macro   0x00000ef0       0x22 ./Core/Src/main.o
 .debug_macro   0x00000f12       0x8e ./Core/Src/main.o
 .debug_macro   0x00000fa0       0x51 ./Core/Src/main.o
 .debug_macro   0x00000ff1      0x103 ./Core/Src/main.o
 .debug_macro   0x000010f4       0x6a ./Core/Src/main.o
 .debug_macro   0x0000115e      0x1df ./Core/Src/main.o
 .debug_macro   0x0000133d       0x1c ./Core/Src/main.o
 .debug_macro   0x00001359       0x22 ./Core/Src/main.o
 .debug_macro   0x0000137b       0xbd ./Core/Src/main.o
 .debug_macro   0x00001438      0xd23 ./Core/Src/main.o
 .debug_macro   0x0000215b     0xe09e ./Core/Src/main.o
 .debug_macro   0x000101f9       0x6d ./Core/Src/main.o
 .debug_macro   0x00010266     0x34a2 ./Core/Src/main.o
 .debug_macro   0x00013708      0x189 ./Core/Src/main.o
 .debug_macro   0x00013891       0x5c ./Core/Src/main.o
 .debug_macro   0x000138ed      0x5bc ./Core/Src/main.o
 .debug_macro   0x00013ea9      0x289 ./Core/Src/main.o
 .debug_macro   0x00014132      0x1cb ./Core/Src/main.o
 .debug_macro   0x000142fd      0x114 ./Core/Src/main.o
 .debug_macro   0x00014411      0x1b2 ./Core/Src/main.o
 .debug_macro   0x000145c3       0x27 ./Core/Src/main.o
 .debug_macro   0x000145ea      0x136 ./Core/Src/main.o
 .debug_macro   0x00014720      0x1bc ./Core/Src/main.o
 .debug_macro   0x000148dc       0x34 ./Core/Src/main.o
 .debug_macro   0x00014910       0x3c ./Core/Src/main.o
 .debug_macro   0x0001494c       0x57 ./Core/Src/main.o
 .debug_macro   0x000149a3       0x87 ./Core/Src/main.o
 .debug_macro   0x00014a2a      0x240 ./Core/Src/main.o
 .debug_macro   0x00014c6a      0x140 ./Core/Src/main.o
 .debug_macro   0x00014daa      0x8ed ./Core/Src/main.o
 .debug_macro   0x00015697      0x28e ./Core/Src/main.o
 .debug_macro   0x00015925       0x83 ./Core/Src/main.o
 .debug_macro   0x000159a8       0x34 ./Core/Src/main.o
 .debug_macro   0x000159dc       0x28 ./Core/Src/main.o
 .debug_macro   0x00015a04       0x58 ./Core/Src/main.o
 .debug_macro   0x00015a5c       0x16 ./Core/Src/main.o
 .debug_macro   0x00015a72      0x1c1 ./Core/Src/ps2.o
 .debug_macro   0x00015c33       0x2e ./Core/Src/ps2.o
 .debug_macro   0x00015c61      0x1b2 ./Core/Src/stm32f10x_misc.o
 .debug_macro   0x00015e13      0x1ad ./Core/Src/stm32f1xx_hal_msp.o
 .debug_macro   0x00015fc0      0x1b7 ./Core/Src/stm32f1xx_it.o
 .debug_macro   0x00016177      0x1a3 ./Core/Src/system_stm32f1xx.o
 .debug_macro   0x0001631a      0x1c7 ./Drivers/STM32F1xx_HAL_Driver/Src/stm32f1xx_hal.o
 .debug_macro   0x000164e1      0x1a3 ./Drivers/STM32F1xx_HAL_Driver/Src/stm32f1xx_hal_cortex.o
 .debug_macro   0x00016684      0x20e ./Drivers/STM32F1xx_HAL_Driver/Src/stm32f1xx_hal_gpio.o
 .debug_macro   0x00016892      0x1b5 ./Drivers/STM32F1xx_HAL_Driver/Src/stm32f1xx_hal_rcc.o
 .debug_macro   0x00016a47      0x1a4 ./Drivers/STM32F1xx_HAL_Driver/Src/stm32f1xx_hal_tim.o
 .debug_macro   0x00016beb      0x1a3 ./Drivers/STM32F1xx_HAL_Driver/Src/stm32f1xx_hal_tim_ex.o
 .debug_macro   0x00016d8e      0x1a4 ./Drivers/STM32F1xx_HAL_Driver/Src/stm32f1xx_hal_uart.o
 .debug_macro   0x00016f32       0x29 ./Drivers/tinyprintf/printf.o

.debug_line     0x00000000     0xdab5
 .debug_line    0x00000000      0x954 ./Core/Src/main.o
 .debug_line    0x00000954      0x940 ./Core/Src/ps2.o
 .debug_line    0x00001294      0x749 ./Core/Src/stm32f10x_misc.o
 .debug_line    0x000019dd      0x7ce ./Core/Src/stm32f1xx_hal_msp.o
 .debug_line    0x000021ab      0x7f7 ./Core/Src/stm32f1xx_it.o
 .debug_line    0x000029a2      0x783 ./Core/Src/system_stm32f1xx.o
 .debug_line    0x00003125       0x78 ./Core/Startup/startup_stm32f103c8tx.o
 .debug_line    0x0000319d      0x9b0 ./Drivers/STM32F1xx_HAL_Driver/Src/stm32f1xx_hal.o
 .debug_line    0x00003b4d      0xb9c ./Drivers/STM32F1xx_HAL_Driver/Src/stm32f1xx_hal_cortex.o
 .debug_line    0x000046e9      0xa49 ./Drivers/STM32F1xx_HAL_Driver/Src/stm32f1xx_hal_gpio.o
 .debug_line    0x00005132      0xdb9 ./Drivers/STM32F1xx_HAL_Driver/Src/stm32f1xx_hal_rcc.o
 .debug_line    0x00005eeb     0x34d5 ./Drivers/STM32F1xx_HAL_Driver/Src/stm32f1xx_hal_tim.o
 .debug_line    0x000093c0     0x18ff ./Drivers/STM32F1xx_HAL_Driver/Src/stm32f1xx_hal_tim_ex.o
 .debug_line    0x0000acbf     0x288f ./Drivers/STM32F1xx_HAL_Driver/Src/stm32f1xx_hal_uart.o
 .debug_line    0x0000d54e      0x567 ./Drivers/tinyprintf/printf.o

.debug_str      0x00000000    0x86ca6
 .debug_str     0x00000000    0x8448a ./Core/Src/main.o
                              0x84949 (size before relaxing)
 .debug_str     0x0008448a      0x19b ./Core/Src/ps2.o
                              0x83b40 (size before relaxing)
 .debug_str     0x00084625       0x4a ./Core/Src/stm32f10x_misc.o
                              0x838b0 (size before relaxing)
 .debug_str     0x0008466f       0xde ./Core/Src/stm32f1xx_hal_msp.o
                              0x8419f (size before relaxing)
 .debug_str     0x0008474d      0x116 ./Core/Src/stm32f1xx_it.o
                              0x83c17 (size before relaxing)
 .debug_str     0x00084863       0x7e ./Core/Src/system_stm32f1xx.o
                              0x836fe (size before relaxing)
 .debug_str     0x000848e1       0x44 ./Core/Startup/startup_stm32f103c8tx.o
                                 0x67 (size before relaxing)
 .debug_str     0x00084925      0x384 ./Drivers/STM32F1xx_HAL_Driver/Src/stm32f1xx_hal.o
                              0x83e31 (size before relaxing)
 .debug_str     0x00084ca9      0x294 ./Drivers/STM32F1xx_HAL_Driver/Src/stm32f1xx_hal_cortex.o
                              0x83d7d (size before relaxing)
 .debug_str     0x00084f3d      0x29c ./Drivers/STM32F1xx_HAL_Driver/Src/stm32f1xx_hal_gpio.o
                              0x83a84 (size before relaxing)
 .debug_str     0x000851d9      0x229 ./Drivers/STM32F1xx_HAL_Driver/Src/stm32f1xx_hal_rcc.o
                              0x83b2d (size before relaxing)
 .debug_str     0x00085402      0xd57 ./Drivers/STM32F1xx_HAL_Driver/Src/stm32f1xx_hal_tim.o
                              0x84b2f (size before relaxing)
 .debug_str     0x00086159      0x493 ./Drivers/STM32F1xx_HAL_Driver/Src/stm32f1xx_hal_tim_ex.o
                              0x8433b (size before relaxing)
 .debug_str     0x000865ec      0x624 ./Drivers/STM32F1xx_HAL_Driver/Src/stm32f1xx_hal_uart.o
                              0x8419e (size before relaxing)
 .debug_str     0x00086c10       0x96 ./Drivers/tinyprintf/printf.o
                               0x300d (size before relaxing)

.comment        0x00000000       0x43
 .comment       0x00000000       0x43 ./Core/Src/main.o
                                 0x44 (size before relaxing)
 .comment       0x00000043       0x44 ./Core/Src/ps2.o
 .comment       0x00000043       0x44 ./Core/Src/stm32f10x_misc.o
 .comment       0x00000043       0x44 ./Core/Src/stm32f1xx_hal_msp.o
 .comment       0x00000043       0x44 ./Core/Src/stm32f1xx_it.o
 .comment       0x00000043       0x44 ./Core/Src/system_stm32f1xx.o
 .comment       0x00000043       0x44 ./Drivers/STM32F1xx_HAL_Driver/Src/stm32f1xx_hal.o
 .comment       0x00000043       0x44 ./Drivers/STM32F1xx_HAL_Driver/Src/stm32f1xx_hal_cortex.o
 .comment       0x00000043       0x44 ./Drivers/STM32F1xx_HAL_Driver/Src/stm32f1xx_hal_gpio.o
 .comment       0x00000043       0x44 ./Drivers/STM32F1xx_HAL_Driver/Src/stm32f1xx_hal_rcc.o
 .comment       0x00000043       0x44 ./Drivers/STM32F1xx_HAL_Driver/Src/stm32f1xx_hal_tim.o
 .comment       0x00000043       0x44 ./Drivers/STM32F1xx_HAL_Driver/Src/stm32f1xx_hal_tim_ex.o
 .comment       0x00000043       0x44 ./Drivers/STM32F1xx_HAL_Driver/Src/stm32f1xx_hal_uart.o
 .comment       0x00000043       0x44 ./Drivers/tinyprintf/printf.o

.debug_frame    0x00000000     0x338c
 .debug_frame   0x00000000      0x13c ./Core/Src/main.o
 .debug_frame   0x0000013c      0x10c ./Core/Src/ps2.o
 .debug_frame   0x00000248       0x80 ./Core/Src/stm32f10x_misc.o
 .debug_frame   0x000002c8       0xec ./Core/Src/stm32f1xx_hal_msp.o
 .debug_frame   0x000003b4      0x13c ./Core/Src/stm32f1xx_it.o
 .debug_frame   0x000004f0       0x58 ./Core/Src/system_stm32f1xx.o
 .debug_frame   0x00000548      0x334 ./Drivers/STM32F1xx_HAL_Driver/Src/stm32f1xx_hal.o
 .debug_frame   0x0000087c      0x428 ./Drivers/STM32F1xx_HAL_Driver/Src/stm32f1xx_hal_cortex.o
 .debug_frame   0x00000ca4      0x14c ./Drivers/STM32F1xx_HAL_Driver/Src/stm32f1xx_hal_gpio.o
 .debug_frame   0x00000df0      0x218 ./Drivers/STM32F1xx_HAL_Driver/Src/stm32f1xx_hal_rcc.o
 .debug_frame   0x00001008     0x11b8 ./Drivers/STM32F1xx_HAL_Driver/Src/stm32f1xx_hal_tim.o
 .debug_frame   0x000021c0      0x638 ./Drivers/STM32F1xx_HAL_Driver/Src/stm32f1xx_hal_tim_ex.o
 .debug_frame   0x000027f8      0x944 ./Drivers/STM32F1xx_HAL_Driver/Src/stm32f1xx_hal_uart.o
 .debug_frame   0x0000313c      0x204 ./Drivers/tinyprintf/printf.o
 .debug_frame   0x00003340       0x20 C:/ST/STM32CubeIDE_1.15.1/STM32CubeIDE/plugins/com.st.stm32cube.ide.mcu.externaltools.gnu-tools-for-stm32.12.3.rel1.win32_1.0.100.202403111256/tools/bin/../lib/gcc/arm-none-eabi/12.3.1/../../../../arm-none-eabi/lib/thumb/v7-m/nofp\libc_nano.a(libc_a-memset.o)
 .debug_frame   0x00003360       0x2c C:/ST/STM32CubeIDE_1.15.1/STM32CubeIDE/plugins/com.st.stm32cube.ide.mcu.externaltools.gnu-tools-for-stm32.12.3.rel1.win32_1.0.100.202403111256/tools/bin/../lib/gcc/arm-none-eabi/12.3.1/../../../../arm-none-eabi/lib/thumb/v7-m/nofp\libc_nano.a(libc_a-init.o)

.debug_line_str
                0x00000000       0x4b
 .debug_line_str
                0x00000000       0x4b ./Core/Startup/startup_stm32f103c8tx.o
