Archive member included to satisfy reference by file (symbol)

C:/ST/STM32CubeIDE_1.15.1/STM32CubeIDE/plugins/com.st.stm32cube.ide.mcu.externaltools.gnu-tools-for-stm32.13.3.rel1.win32_1.0.0.202411081344/tools/bin/../lib/gcc/arm-none-eabi/13.3.1/../../../../arm-none-eabi/lib/thumb/v7-m/nofp\libc_nano.a(libc_a-exit.o)
                              C:/ST/STM32CubeIDE_1.15.1/STM32CubeIDE/plugins/com.st.stm32cube.ide.mcu.externaltools.gnu-tools-for-stm32.13.3.rel1.win32_1.0.0.202411081344/tools/bin/../lib/gcc/arm-none-eabi/13.3.1/../../../../arm-none-eabi/lib/thumb/v7-m/nofp/crt0.o (exit)
C:/ST/STM32CubeIDE_1.15.1/STM32CubeIDE/plugins/com.st.stm32cube.ide.mcu.externaltools.gnu-tools-for-stm32.13.3.rel1.win32_1.0.0.202411081344/tools/bin/../lib/gcc/arm-none-eabi/13.3.1/../../../../arm-none-eabi/lib/thumb/v7-m/nofp\libc_nano.a(libc_a-findfp.o)
                              C:/ST/STM32CubeIDE_1.15.1/STM32CubeIDE/plugins/com.st.stm32cube.ide.mcu.externaltools.gnu-tools-for-stm32.13.3.rel1.win32_1.0.0.202411081344/tools/bin/../lib/gcc/arm-none-eabi/13.3.1/../../../../arm-none-eabi/lib/thumb/v7-m/nofp\libc_nano.a(libc_a-exit.o) (__stdio_exit_handler)
C:/ST/STM32CubeIDE_1.15.1/STM32CubeIDE/plugins/com.st.stm32cube.ide.mcu.externaltools.gnu-tools-for-stm32.13.3.rel1.win32_1.0.0.202411081344/tools/bin/../lib/gcc/arm-none-eabi/13.3.1/../../../../arm-none-eabi/lib/thumb/v7-m/nofp\libc_nano.a(libc_a-fwalk.o)
                              C:/ST/STM32CubeIDE_1.15.1/STM32CubeIDE/plugins/com.st.stm32cube.ide.mcu.externaltools.gnu-tools-for-stm32.13.3.rel1.win32_1.0.0.202411081344/tools/bin/../lib/gcc/arm-none-eabi/13.3.1/../../../../arm-none-eabi/lib/thumb/v7-m/nofp\libc_nano.a(libc_a-findfp.o) (_fwalk_sglue)
C:/ST/STM32CubeIDE_1.15.1/STM32CubeIDE/plugins/com.st.stm32cube.ide.mcu.externaltools.gnu-tools-for-stm32.13.3.rel1.win32_1.0.0.202411081344/tools/bin/../lib/gcc/arm-none-eabi/13.3.1/../../../../arm-none-eabi/lib/thumb/v7-m/nofp\libc_nano.a(libc_a-stdio.o)
                              C:/ST/STM32CubeIDE_1.15.1/STM32CubeIDE/plugins/com.st.stm32cube.ide.mcu.externaltools.gnu-tools-for-stm32.13.3.rel1.win32_1.0.0.202411081344/tools/bin/../lib/gcc/arm-none-eabi/13.3.1/../../../../arm-none-eabi/lib/thumb/v7-m/nofp\libc_nano.a(libc_a-findfp.o) (__sread)
C:/ST/STM32CubeIDE_1.15.1/STM32CubeIDE/plugins/com.st.stm32cube.ide.mcu.externaltools.gnu-tools-for-stm32.13.3.rel1.win32_1.0.0.202411081344/tools/bin/../lib/gcc/arm-none-eabi/13.3.1/../../../../arm-none-eabi/lib/thumb/v7-m/nofp\libc_nano.a(libc_a-memset.o)
                              C:/ST/STM32CubeIDE_1.15.1/STM32CubeIDE/plugins/com.st.stm32cube.ide.mcu.externaltools.gnu-tools-for-stm32.13.3.rel1.win32_1.0.0.202411081344/tools/bin/../lib/gcc/arm-none-eabi/13.3.1/../../../../arm-none-eabi/lib/thumb/v7-m/nofp/crt0.o (memset)
C:/ST/STM32CubeIDE_1.15.1/STM32CubeIDE/plugins/com.st.stm32cube.ide.mcu.externaltools.gnu-tools-for-stm32.13.3.rel1.win32_1.0.0.202411081344/tools/bin/../lib/gcc/arm-none-eabi/13.3.1/../../../../arm-none-eabi/lib/thumb/v7-m/nofp\libc_nano.a(libc_a-closer.o)
                              C:/ST/STM32CubeIDE_1.15.1/STM32CubeIDE/plugins/com.st.stm32cube.ide.mcu.externaltools.gnu-tools-for-stm32.13.3.rel1.win32_1.0.0.202411081344/tools/bin/../lib/gcc/arm-none-eabi/13.3.1/../../../../arm-none-eabi/lib/thumb/v7-m/nofp\libc_nano.a(libc_a-stdio.o) (_close_r)
C:/ST/STM32CubeIDE_1.15.1/STM32CubeIDE/plugins/com.st.stm32cube.ide.mcu.externaltools.gnu-tools-for-stm32.13.3.rel1.win32_1.0.0.202411081344/tools/bin/../lib/gcc/arm-none-eabi/13.3.1/../../../../arm-none-eabi/lib/thumb/v7-m/nofp\libc_nano.a(libc_a-reent.o)
                              C:/ST/STM32CubeIDE_1.15.1/STM32CubeIDE/plugins/com.st.stm32cube.ide.mcu.externaltools.gnu-tools-for-stm32.13.3.rel1.win32_1.0.0.202411081344/tools/bin/../lib/gcc/arm-none-eabi/13.3.1/../../../../arm-none-eabi/lib/thumb/v7-m/nofp\libc_nano.a(libc_a-closer.o) (errno)
C:/ST/STM32CubeIDE_1.15.1/STM32CubeIDE/plugins/com.st.stm32cube.ide.mcu.externaltools.gnu-tools-for-stm32.13.3.rel1.win32_1.0.0.202411081344/tools/bin/../lib/gcc/arm-none-eabi/13.3.1/../../../../arm-none-eabi/lib/thumb/v7-m/nofp\libc_nano.a(libc_a-impure.o)
                              C:/ST/STM32CubeIDE_1.15.1/STM32CubeIDE/plugins/com.st.stm32cube.ide.mcu.externaltools.gnu-tools-for-stm32.13.3.rel1.win32_1.0.0.202411081344/tools/bin/../lib/gcc/arm-none-eabi/13.3.1/../../../../arm-none-eabi/lib/thumb/v7-m/nofp\libc_nano.a(libc_a-reent.o) (_impure_ptr)
C:/ST/STM32CubeIDE_1.15.1/STM32CubeIDE/plugins/com.st.stm32cube.ide.mcu.externaltools.gnu-tools-for-stm32.13.3.rel1.win32_1.0.0.202411081344/tools/bin/../lib/gcc/arm-none-eabi/13.3.1/../../../../arm-none-eabi/lib/thumb/v7-m/nofp\libc_nano.a(libc_a-lseekr.o)
[...]
Memory Configuration

Name             Origin             Length             Attributes
RAM              0x20000000         0x00005000         xrw
FLASH            0x08000000         0x00010000         xr
*default*        0x00000000         0xffffffff

Linker script and memory map

LOAD C:/ST/STM32CubeIDE_1.15.1/STM32CubeIDE/plugins/com.st.stm32cube.ide.mcu.externaltools.gnu-tools-for-stm32.13.3.rel1.win32_1.0.0.202411081344/tools/bin/../lib/gcc/arm-none-eabi/13.3.1/thumb/v7-m/nofp/crti.o
LOAD C:/ST/STM32CubeIDE_1.15.1/STM32CubeIDE/plugins/com.st.stm32cube.ide.mcu.externaltools.gnu-tools-for-stm32.13.3.rel1.win32_1.0.0.202411081344/tools/bin/../lib/gcc/arm-none-eabi/13.3.1/thumb/v7-m/nofp/crtbegin.o
LOAD C:/ST/STM32CubeIDE_1.15.1/STM32CubeIDE/plugins/com.st.stm32cube.ide.mcu.externaltools.gnu-tools-for-stm32.13.3.rel1.win32_1.0.0.202411081344/tools/bin/../lib/gcc/arm-none-eabi/13.3.1/../../../../arm-none-eabi/lib/thumb/v7-m/nofp/crt0.o
LOAD ./Core/Src/keyboard.o
LOAD ./Core/Src/main.o
LOAD ./Core/Src/ps2.o
LOAD ./Core/Src/stm32f1xx_hal_msp.o
LOAD ./Core/Src/stm32f1xx_it.o
LOAD ./Core/Src/syscalls.o
LOAD ./Core/Src/sysmem.o
LOAD ./Core/Src/system_stm32f1xx.o
LOAD ./Core/Startup/startup_stm32f103c8tx.o
LOAD ./Drivers/STM32F1xx_HAL_Driver/Src/stm32f1xx_hal.o
LOAD ./Drivers/STM32F1xx_HAL_Driver/Src/stm32f1xx_hal_cortex.o
LOAD ./Drivers/STM32F1xx_HAL_Driver/Src/stm32f1xx_hal_dma.o
LOAD ./Drivers/STM32F1xx_HAL_Driver/Src/stm32f1xx_hal_exti.o
LOAD ./Drivers/STM32F1xx_HAL_Driver/Src/stm32f1xx_hal_flash.o
LOAD ./Drivers/STM32F1xx_HAL_Driver/Src/stm32f1xx_hal_flash_ex.o
LOAD ./Drivers/STM32F1xx_HAL_Driver/Src/stm32f1xx_hal_gpio.o
LOAD ./Drivers/STM32F1xx_HAL_Driver/Src/stm32f1xx_hal_gpio_ex.o
LOAD ./Drivers/STM32F1xx_HAL_Driver/Src/stm32f1xx_hal_pwr.o
LOAD ./Drivers/STM32F1xx_HAL_Driver/Src/stm32f1xx_hal_rcc.o
LOAD ./Drivers/STM32F1xx_HAL_Driver/Src/stm32f1xx_hal_rcc_ex.o
LOAD ./Drivers/STM32F1xx_HAL_Driver/Src/stm32f1xx_hal_tim.o
LOAD ./Drivers/STM32F1xx_HAL_Driver/Src/stm32f1xx_hal_tim_ex.o
START GROUP
LOAD C:/ST/STM32CubeIDE_1.15.1/STM32CubeIDE/plugins/com.st.stm32cube.ide.mcu.externaltools.gnu-tools-for-stm32.13.3.rel1.win32_1.0.0.202411081344/tools/bin/../lib/gcc/arm-none-eabi/13.3.1/../../../../arm-none-eabi/lib/thumb/v7-m/nofp\libc_nano.a
LOAD C:/ST/STM32CubeIDE_1.15.1/STM32CubeIDE/plugins/com.st.stm32cube.ide.mcu.externaltools.gnu-tools-for-stm32.13.3.rel1.win32_1.0.0.202411081344/tools/bin/../lib/gcc/arm-none-eabi/13.3.1/../../../../arm-none-eabi/lib/thumb/v7-m/nofp\libm.a
END GROUP
START GROUP
LOAD C:/ST/STM32CubeIDE_1.15.1/STM32CubeIDE/plugins/com.st.stm32cube.ide.mcu.externaltools.gnu-tools-for-stm32.13.3.rel1.win32_1.0.0.202411081344/tools/bin/../lib/gcc/arm-none-eabi/13.3.1/thumb/v7-m/nofp\libgcc.a
LOAD C:/ST/STM32CubeIDE_1.15.1/STM32CubeIDE/plugins/com.st.stm32cube.ide.mcu.externaltools.gnu-tools-for-stm32.13.3.rel1.win32_1.0.0.202411081344/tools/bin/../lib/gcc/arm-none-eabi/13.3.1/../../../../arm-none-eabi/lib/thumb/v7-m/nofp\libc_nano.a
END GROUP
START GROUP
LOAD C:/ST/STM32CubeIDE_1.15.1/STM32CubeIDE/plugins/com.st.stm32cube.ide.mcu.externaltools.gnu-tools-for-stm32.13.3.rel1.win32_1.0.0.202411081344/tools/bin/../lib/gcc/arm-none-eabi/13.3.1/thumb/v7-m/nofp\libgcc.a
LOAD C:/ST/STM32CubeIDE_1.15.1/STM32CubeIDE/plugins/com.st.stm32cube.ide.mcu.externaltools.gnu-tools-for-stm32.13.3.rel1.win32_1.0.0.202411081344/tools/bin/../lib/gcc/arm-none-eabi/13.3.1/../../../../arm-none-eabi/lib/thumb/v7-m/nofp\libc_nano.a
LOAD C:/ST/STM32CubeIDE_1.15.1/STM32CubeIDE/plugins/com.st.stm32cube.ide.mcu.externaltools.gnu-tools-for-stm32.13.3.rel1.win32_1.0.0.202411081344/tools/bin/../lib/gcc/arm-none-eabi/13.3.1/../../../../arm-none-eabi/lib/thumb/v7-m/nofp\libnosys.a
END GROUP
START GROUP
LOAD C:/ST/STM32CubeIDE_1.15.1/STM32CubeIDE/plugins/com.st.stm32cube.ide.mcu.externaltools.gnu-tools-for-stm32.13.3.rel1.win32_1.0.0.202411081344/tools/bin/../lib/gcc/arm-none-eabi/13.3.1/thumb/v7-m/nofp\libgcc.a
LOAD C:/ST/STM32CubeIDE_1.15.1/STM32CubeIDE/plugins/com.st.stm32cube.ide.mcu.externaltools.gnu-tools-for-stm32.13.3.rel1.win32_1.0.0.202411081344/tools/bin/../lib/gcc/arm-none-eabi/13.3.1/../../../../arm-none-eabi/lib/thumb/v7-m/nofp\libc_nano.a
LOAD C:/ST/STM32CubeIDE_1.15.1/STM32CubeIDE/plugins/com.st.stm32cube.ide.mcu.externaltools.gnu-tools-for-stm32.13.3.rel1.win32_1.0.0.202411081344/tools/bin/../lib/gcc/arm-none-eabi/13.3.1/../../../../arm-none-eabi/lib/thumb/v7-m/nofp\libnosys.a
END GROUP
LOAD C:/ST/STM32CubeIDE_1.15.1/STM32CubeIDE/plugins/com.st.stm32cube.ide.mcu.externaltools.gnu-tools-for-stm32.13.3.rel1.win32_1.0.0.202411081344/tools/bin/../lib/gcc/arm-none-eabi/13.3.1/thumb/v7-m/nofp/crtend.o
LOAD C:/ST/STM32CubeIDE_1.15.1/STM32CubeIDE/plugins/com.st.stm32cube.ide.mcu.externaltools.gnu-tools-for-stm32.13.3.rel1.win32_1.0.0.202411081344/tools/bin/../lib/gcc/arm-none-eabi/13.3.1/thumb/v7-m/nofp/crtn.o
                0x20005000                        _estack = (ORIGIN (RAM) + LENGTH (RAM))
                0x00000200                        _Min_Heap_Size = 0x200
                0x00000400                        _Min_Stack_Size = 0x400

.isr_vector     0x08000000      0x10c
                0x08000000                        . = ALIGN (0x4)
 *(.isr_vector)
 .isr_vector    0x08000000      0x10c ./Core/Startup/startup_stm32f103c8tx.o
                0x08000000                g_pfnVectors
                0x0800010c                        . = ALIGN (0x4)

.text           0x0800010c     0x2624
                0x0800010c                        . = ALIGN (0x4)
 *(.text)
 .text          0x0800010c       0x40 C:/ST/STM32CubeIDE_1.15.1/STM32CubeIDE/plugins/com.st.stm32cube.ide.mcu.externaltools.gnu-tools-for-stm32.13.3.rel1.win32_1.0.0.202411081344/tools/bin/../lib/gcc/arm-none-eabi/13.3.1/thumb/v7-m/nofp/crtbegin.o
 *(.text*)
 .text.Keyboard_Init
                0x0800014c       0x30 ./Core/Src/keyboard.o
                0x0800014c                Keyboard_Init
 .text.Send_Code
                0x0800017c       0xd4 ./Core/Src/keyboard.o
                0x0800017c                Send_Code
 .text.Follow_Command
                0x08000250      0x28c ./Core/Src/keyboard.o
                0x08000250                Follow_Command
 .text.Key_Check
                0x080004dc      0x3d0 ./Core/Src/keyboard.o
                0x080004dc                Key_Check
 .text.HAL_TIM_PeriodElapsedCallback
                0x080008ac       0x4c ./Core/Src/main.o
                0x080008ac                HAL_TIM_PeriodElapsedCallback
 .text.main     0x080008f8       0x74 ./Core/Src/main.o
                0x080008f8                main
 .text.SystemClock_Config
                0x0800096c       0x8a ./Core/Src/main.o
                0x0800096c                SystemClock_Config
 *fill*         0x080009f6        0x2 
 .text.MX_TIM1_Init
                0x080009f8       0xa0 ./Core/Src/main.o
 .text.MX_TIM2_Init
                0x08000a98       0x98 ./Core/Src/main.o
 .text.MX_GPIO_Init
                0x08000b30      0x14c ./Core/Src/main.o
 .text.delay_us
                0x08000c7c       0x38 ./Core/Src/main.o
                0x08000c7c                delay_us
 .text.Error_Handler
                0x08000cb4        0xc ./Core/Src/main.o
                0x08000cb4                Error_Handler
 .text.PS2_Init
                0x08000cc0       0x32 ./Core/Src/ps2.o
                0x08000cc0                PS2_Init
 *fill*         0x08000cf2        0x2 
 .text.PS2_Transmit
                0x08000cf4       0x98 ./Core/Src/ps2.o
                0x08000cf4                PS2_Transmit
 .text.PS2_Receive
                0x08000d8c       0xc2 ./Core/Src/ps2.o
                0x08000d8c                PS2_Receive
 *fill*         0x08000e4e        0x2 
 .text.HAL_MspInit
                0x08000e50       0x64 ./Core/Src/stm32f1xx_hal_msp.o
                0x08000e50                HAL_MspInit
 .text.HAL_TIM_Base_MspInit
                0x08000eb4       0x70 ./Core/Src/stm32f1xx_hal_msp.o
                0x08000eb4                HAL_TIM_Base_MspInit
 .text.NMI_Handler
                0x08000f24        0x8 ./Core/Src/stm32f1xx_it.o
                0x08000f24                NMI_Handler
 .text.HardFault_Handler
                0x08000f2c        0x8 ./Core/Src/stm32f1xx_it.o
                0x08000f2c                HardFault_Handler
 .text.MemManage_Handler
                0x08000f34        0x8 ./Core/Src/stm32f1xx_it.o
                0x08000f34                MemManage_Handler
 .text.BusFault_Handler
                0x08000f3c        0x8 ./Core/Src/stm32f1xx_it.o
                0x08000f3c                BusFault_Handler
 .text.UsageFault_Handler
                0x08000f44        0x8 ./Core/Src/stm32f1xx_it.o
                0x08000f44                UsageFault_Handler
 .text.SVC_Handler
                0x08000f4c        0xc ./Core/Src/stm32f1xx_it.o
                0x08000f4c                SVC_Handler
 .text.DebugMon_Handler
                0x08000f58        0xc ./Core/Src/stm32f1xx_it.o
                0x08000f58                DebugMon_Handler
 .text.PendSV_Handler
                0x08000f64        0xc ./Core/Src/stm32f1xx_it.o
                0x08000f64                PendSV_Handler
 .text.SysTick_Handler
                0x08000f70        0xc ./Core/Src/stm32f1xx_it.o
                0x08000f70                SysTick_Handler
 .text.TIM2_IRQHandler
                0x08000f7c       0x14 ./Core/Src/stm32f1xx_it.o
                0x08000f7c                TIM2_IRQHandler
 .text.SystemInit
                0x08000f90        0xc ./Core/Src/system_stm32f1xx.o
                0x08000f90                SystemInit
 .text.Reset_Handler
                0x08000f9c       0x48 ./Core/Startup/startup_stm32f103c8tx.o
                0x08000f9c                Reset_Handler
 .text.Default_Handler
                0x08000fe4        0x2 ./Core/Startup/startup_stm32f103c8tx.o
                0x08000fe4                RTC_Alarm_IRQHandler
                0x08000fe4                EXTI2_IRQHandler
                0x08000fe4                TIM1_CC_IRQHandler
                0x08000fe4                PVD_IRQHandler
                0x08000fe4                EXTI3_IRQHandler
                0x08000fe4                EXTI0_IRQHandler
                0x08000fe4                I2C2_EV_IRQHandler
                0x08000fe4                ADC1_2_IRQHandler
                0x08000fe4                SPI1_IRQHandler
                0x08000fe4                TAMPER_IRQHandler
                0x08000fe4                DMA1_Channel4_IRQHandler
                0x08000fe4                USART3_IRQHandler
                0x08000fe4                RTC_IRQHandler
                0x08000fe4                DMA1_Channel7_IRQHandler
                0x08000fe4                CAN1_RX1_IRQHandler
                0x08000fe4                TIM4_IRQHandler
                0x08000fe4                I2C1_EV_IRQHandler
                0x08000fe4                DMA1_Channel6_IRQHandler
                0x08000fe4                TIM3_IRQHandler
                0x08000fe4                RCC_IRQHandler
                0x08000fe4                TIM1_TRG_COM_IRQHandler
                0x08000fe4                DMA1_Channel1_IRQHandler
                0x08000fe4                Default_Handler
                0x08000fe4                EXTI15_10_IRQHandler
                0x08000fe4                EXTI9_5_IRQHandler
                0x08000fe4                SPI2_IRQHandler
                0x08000fe4                DMA1_Channel5_IRQHandler
                0x08000fe4                EXTI4_IRQHandler
                0x08000fe4                USB_LP_CAN1_RX0_IRQHandler
                0x08000fe4                USB_HP_CAN1_TX_IRQHandler
                0x08000fe4                DMA1_Channel3_IRQHandler
                0x08000fe4                TIM1_UP_IRQHandler
                0x08000fe4                WWDG_IRQHandler
                0x08000fe4                TIM1_BRK_IRQHandler
                0x08000fe4                EXTI1_IRQHandler
                0x08000fe4                USART2_IRQHandler
                0x08000fe4                I2C2_ER_IRQHandler
                0x08000fe4                DMA1_Channel2_IRQHandler
                0x08000fe4                CAN1_SCE_IRQHandler
                0x08000fe4                FLASH_IRQHandler
                0x08000fe4                USART1_IRQHandler
                0x08000fe4                I2C1_ER_IRQHandler
                0x08000fe4                USBWakeUp_IRQHandler
 *fill*         0x08000fe6        0x2 
 .text.HAL_Init
                0x08000fe8       0x2c ./Drivers/STM32F1xx_HAL_Driver/Src/stm32f1xx_hal.o
                0x08000fe8                HAL_Init
 .text.HAL_InitTick
                0x08001014       0x60 ./Drivers/STM32F1xx_HAL_Driver/Src/stm32f1xx_hal.o
                0x08001014                HAL_InitTick
 .text.HAL_IncTick
                0x08001074       0x24 ./Drivers/STM32F1xx_HAL_Driver/Src/stm32f1xx_hal.o
                0x08001074                HAL_IncTick
 .text.HAL_GetTick
                0x08001098       0x14 ./Drivers/STM32F1xx_HAL_Driver/Src/stm32f1xx_hal.o
                0x08001098                HAL_GetTick
 .text.__NVIC_SetPriorityGrouping
                0x080010ac       0x48 ./Drivers/STM32F1xx_HAL_Driver/Src/stm32f1xx_hal_cortex.o
 .text.__NVIC_GetPriorityGrouping
                0x080010f4       0x1c ./Drivers/STM32F1xx_HAL_Driver/Src/stm32f1xx_hal_cortex.o
 .text.__NVIC_EnableIRQ
                0x08001110       0x38 ./Drivers/STM32F1xx_HAL_Driver/Src/stm32f1xx_hal_cortex.o
 .text.__NVIC_SetPriority
                0x08001148       0x54 ./Drivers/STM32F1xx_HAL_Driver/Src/stm32f1xx_hal_cortex.o
 .text.NVIC_EncodePriority
                0x0800119c       0x64 ./Drivers/STM32F1xx_HAL_Driver/Src/stm32f1xx_hal_cortex.o
 .text.SysTick_Config
                0x08001200       0x44 ./Drivers/STM32F1xx_HAL_Driver/Src/stm32f1xx_hal_cortex.o
 .text.HAL_NVIC_SetPriorityGrouping
                0x08001244       0x16 ./Drivers/STM32F1xx_HAL_Driver/Src/stm32f1xx_hal_cortex.o
                0x08001244                HAL_NVIC_SetPriorityGrouping
 .text.HAL_NVIC_SetPriority
                0x0800125a       0x38 ./Drivers/STM32F1xx_HAL_Driver/Src/stm32f1xx_hal_cortex.o
                0x0800125a                HAL_NVIC_SetPriority
 .text.HAL_NVIC_EnableIRQ
                0x08001292       0x1c ./Drivers/STM32F1xx_HAL_Driver/Src/stm32f1xx_hal_cortex.o
                0x08001292                HAL_NVIC_EnableIRQ
 .text.HAL_SYSTICK_Config
                0x080012ae       0x18 ./Drivers/STM32F1xx_HAL_Driver/Src/stm32f1xx_hal_cortex.o
                0x080012ae                HAL_SYSTICK_Config
 *fill*         0x080012c6        0x2 
 .text.HAL_GPIO_Init
                0x080012c8      0x308 ./Drivers/STM32F1xx_HAL_Driver/Src/stm32f1xx_hal_gpio.o
                0x080012c8                HAL_GPIO_Init
 .text.HAL_GPIO_ReadPin
                0x080015d0       0x2e ./Drivers/STM32F1xx_HAL_Driver/Src/stm32f1xx_hal_gpio.o
                0x080015d0                HAL_GPIO_ReadPin
 .text.HAL_GPIO_WritePin
                0x080015fe       0x30 ./Drivers/STM32F1xx_HAL_Driver/Src/stm32f1xx_hal_gpio.o
                0x080015fe                HAL_GPIO_WritePin
 *fill*         0x0800162e        0x2 
 .text.HAL_RCC_OscConfig
                0x08001630      0x504 ./Drivers/STM32F1xx_HAL_Driver/Src/stm32f1xx_hal_rcc.o
                0x08001630                HAL_RCC_OscConfig
 .text.HAL_RCC_ClockConfig
                0x08001b34      0x1d4 ./Drivers/STM32F1xx_HAL_Driver/Src/stm32f1xx_hal_rcc.o
                0x08001b34                HAL_RCC_ClockConfig
 .text.HAL_RCC_GetSysClockFreq
                0x08001d08       0xa8 ./Drivers/STM32F1xx_HAL_Driver/Src/stm32f1xx_hal_rcc.o
                0x08001d08                HAL_RCC_GetSysClockFreq
 .text.RCC_Delay
                0x08001db0       0x3c ./Drivers/STM32F1xx_HAL_Driver/Src/stm32f1xx_hal_rcc.o
 .text.HAL_TIM_Base_Init
                0x08001dec       0x9e ./Drivers/STM32F1xx_HAL_Driver/Src/stm32f1xx_hal_tim.o
                0x08001dec                HAL_TIM_Base_Init
 *fill*         0x08001e8a        0x2 
 .text.HAL_TIM_Base_Start
                0x08001e8c       0x94 ./Drivers/STM32F1xx_HAL_Driver/Src/stm32f1xx_hal_tim.o
                0x08001e8c                HAL_TIM_Base_Start
 .text.HAL_TIM_Base_Start_IT
                0x08001f20       0xa4 ./Drivers/STM32F1xx_HAL_Driver/Src/stm32f1xx_hal_tim.o
                0x08001f20                HAL_TIM_Base_Start_IT
 .text.HAL_TIM_Base_Stop_IT
                0x08001fc4       0x5c ./Drivers/STM32F1xx_HAL_Driver/Src/stm32f1xx_hal_tim.o
                0x08001fc4                HAL_TIM_Base_Stop_IT
 .text.HAL_TIM_IRQHandler
                0x08002020      0x1e0 ./Drivers/STM32F1xx_HAL_Driver/Src/stm32f1xx_hal_tim.o
                0x08002020                HAL_TIM_IRQHandler
 .text.HAL_TIM_ConfigClockSource
                0x08002200      0x18e ./Drivers/STM32F1xx_HAL_Driver/Src/stm32f1xx_hal_tim.o
                0x08002200                HAL_TIM_ConfigClockSource
 .text.HAL_TIM_OC_DelayElapsedCallback
                0x0800238e       0x12 ./Drivers/STM32F1xx_HAL_Driver/Src/stm32f1xx_hal_tim.o
                0x0800238e                HAL_TIM_OC_DelayElapsedCallback
 .text.HAL_TIM_IC_CaptureCallback
                0x080023a0       0x12 ./Drivers/STM32F1xx_HAL_Driver/Src/stm32f1xx_hal_tim.o
                0x080023a0                HAL_TIM_IC_CaptureCallback
 .text.HAL_TIM_PWM_PulseFinishedCallback
                0x080023b2       0x12 ./Drivers/STM32F1xx_HAL_Driver/Src/stm32f1xx_hal_tim.o
                0x080023b2                HAL_TIM_PWM_PulseFinishedCallback
 .text.HAL_TIM_TriggerCallback
                0x080023c4       0x12 ./Drivers/STM32F1xx_HAL_Driver/Src/stm32f1xx_hal_tim.o
                0x080023c4                HAL_TIM_TriggerCallback
 *fill*         0x080023d6        0x2 
 .text.TIM_Base_SetConfig
                0x080023d8       0xdc ./Drivers/STM32F1xx_HAL_Driver/Src/stm32f1xx_hal_tim.o
                0x080023d8                TIM_Base_SetConfig
 .text.TIM_TI1_ConfigInputStage
                0x080024b4       0x5c ./Drivers/STM32F1xx_HAL_Driver/Src/stm32f1xx_hal_tim.o
 .text.TIM_TI2_ConfigInputStage
                0x08002510       0x5e ./Drivers/STM32F1xx_HAL_Driver/Src/stm32f1xx_hal_tim.o
 .text.TIM_ITRx_SetConfig
                0x0800256e       0x34 ./Drivers/STM32F1xx_HAL_Driver/Src/stm32f1xx_hal_tim.o
 .text.TIM_ETR_SetConfig
                0x080025a2       0x3e ./Drivers/STM32F1xx_HAL_Driver/Src/stm32f1xx_hal_tim.o
                0x080025a2                TIM_ETR_SetConfig
 .text.HAL_TIMEx_MasterConfigSynchronization
                0x080025e0       0xbc ./Drivers/STM32F1xx_HAL_Driver/Src/stm32f1xx_hal_tim_ex.o
                0x080025e0                HAL_TIMEx_MasterConfigSynchronization
 .text.HAL_TIMEx_CommutCallback
                0x0800269c       0x12 ./Drivers/STM32F1xx_HAL_Driver/Src/stm32f1xx_hal_tim_ex.o
                0x0800269c                HAL_TIMEx_CommutCallback
 .text.HAL_TIMEx_BreakCallback
                0x080026ae       0x12 ./Drivers/STM32F1xx_HAL_Driver/Src/stm32f1xx_hal_tim_ex.o
                0x080026ae                HAL_TIMEx_BreakCallback
 .text.memset   0x080026c0       0x10 C:/ST/STM32CubeIDE_1.15.1/STM32CubeIDE/plugins/com.st.stm32cube.ide.mcu.externaltools.gnu-tools-for-stm32.13.3.rel1.win32_1.0.0.202411081344/tools/bin/../lib/gcc/arm-none-eabi/13.3.1/../../../../arm-none-eabi/lib/thumb/v7-m/nofp\libc_nano.a(libc_a-memset.o)
                0x080026c0                memset
 .text.__libc_init_array
                0x080026d0       0x48 C:/ST/STM32CubeIDE_1.15.1/STM32CubeIDE/plugins/com.st.stm32cube.ide.mcu.externaltools.gnu-tools-for-stm32.13.3.rel1.win32_1.0.0.202411081344/tools/bin/../lib/gcc/arm-none-eabi/13.3.1/../../../../arm-none-eabi/lib/thumb/v7-m/nofp\libc_nano.a(libc_a-init.o)
                0x080026d0                __libc_init_array
 *(.glue_7)
 .glue_7        0x08002718        0x0 linker stubs
 *(.glue_7t)
 .glue_7t       0x08002718        0x0 linker stubs
 *(.eh_frame)
 .eh_frame      0x08002718        0x0 C:/ST/STM32CubeIDE_1.15.1/STM32CubeIDE/plugins/com.st.stm32cube.ide.mcu.externaltools.gnu-tools-for-stm32.13.3.rel1.win32_1.0.0.202411081344/tools/bin/../lib/gcc/arm-none-eabi/13.3.1/thumb/v7-m/nofp/crtbegin.o
 *(.init)
 .init          0x08002718        0x4 C:/ST/STM32CubeIDE_1.15.1/STM32CubeIDE/plugins/com.st.stm32cube.ide.mcu.externaltools.gnu-tools-for-stm32.13.3.rel1.win32_1.0.0.202411081344/tools/bin/../lib/gcc/arm-none-eabi/13.3.1/thumb/v7-m/nofp/crti.o
                0x08002718                _init
 .init          0x0800271c        0x8 C:/ST/STM32CubeIDE_1.15.1/STM32CubeIDE/plugins/com.st.stm32cube.ide.mcu.externaltools.gnu-tools-for-stm32.13.3.rel1.win32_1.0.0.202411081344/tools/bin/../lib/gcc/arm-none-eabi/13.3.1/thumb/v7-m/nofp/crtn.o
 *(.fini)
 .fini          0x08002724        0x4 C:/ST/STM32CubeIDE_1.15.1/STM32CubeIDE/plugins/com.st.stm32cube.ide.mcu.externaltools.gnu-tools-for-stm32.13.3.rel1.win32_1.0.0.202411081344/tools/bin/../lib/gcc/arm-none-eabi/13.3.1/thumb/v7-m/nofp/crti.o
                0x08002724                _fini
 .fini          0x08002728        0x8 C:/ST/STM32CubeIDE_1.15.1/STM32CubeIDE/plugins/com.st.stm32cube.ide.mcu.externaltools.gnu-tools-for-stm32.13.3.rel1.win32_1.0.0.202411081344/tools/bin/../lib/gcc/arm-none-eabi/13.3.1/thumb/v7-m/nofp/crtn.o
                0x08002730                        . = ALIGN (0x4)
                0x08002730                        _etext = .

.vfp11_veneer   0x08002730        0x0
 .vfp11_veneer  0x08002730        0x0 linker stubs

.v4_bx          0x08002730        0x0
 .v4_bx         0x08002730        0x0 linker stubs

.iplt           0x08002730        0x0
 .iplt          0x08002730        0x0 C:/ST/STM32CubeIDE_1.15.1/STM32CubeIDE/plugins/com.st.stm32cube.ide.mcu.externaltools.gnu-tools-for-stm32.13.3.rel1.win32_1.0.0.202411081344/tools/bin/../lib/gcc/arm-none-eabi/13.3.1/thumb/v7-m/nofp/crtbegin.o

.rodata         0x08002730      0x174
                0x08002730                        . = ALIGN (0x4)
 *(.rodata)
 *(.rodata*)
 .rodata.KEY_SCAN_CODES
                0x08002730      0x150 ./Core/Src/main.o
                0x08002730                KEY_SCAN_CODES
 .rodata.AHBPrescTable
                0x08002880       0x10 ./Core/Src/system_stm32f1xx.o
                0x08002880                AHBPrescTable
 .rodata.aPLLMULFactorTable.1
                0x08002890       0x10 ./Drivers/STM32F1xx_HAL_Driver/Src/stm32f1xx_hal_rcc.o
 .rodata.aPredivFactorTable.0
                0x080028a0        0x2 ./Drivers/STM32F1xx_HAL_Driver/Src/stm32f1xx_hal_rcc.o
                0x080028a4                        . = ALIGN (0x4)
 *fill*         0x080028a2        0x2 

.ARM.extab      0x080028a4        0x0
                0x080028a4                        . = ALIGN (0x4)
 *(.ARM.extab* .gnu.linkonce.armextab.*)
                0x080028a4                        . = ALIGN (0x4)

.ARM            0x080028a4        0x0
                0x080028a4                        . = ALIGN (0x4)
                0x080028a4                        __exidx_start = .
 *(.ARM.exidx*)
                0x080028a4                        __exidx_end = .
                0x080028a4                        . = ALIGN (0x4)

.preinit_array  0x080028a4        0x0
                0x080028a4                        . = ALIGN (0x4)
                0x080028a4                        PROVIDE (__preinit_array_start = .)
 *(.preinit_array*)
                0x080028a4                        PROVIDE (__preinit_array_end = .)
                0x080028a4                        . = ALIGN (0x4)

.init_array     0x080028a4        0x4
                0x080028a4                        . = ALIGN (0x4)
                0x080028a4                        PROVIDE (__init_array_start = .)
 *(SORT_BY_NAME(.init_array.*))
 *(.init_array*)
 .init_array    0x080028a4        0x4 C:/ST/STM32CubeIDE_1.15.1/STM32CubeIDE/plugins/com.st.stm32cube.ide.mcu.externaltools.gnu-tools-for-stm32.13.3.rel1.win32_1.0.0.202411081344/tools/bin/../lib/gcc/arm-none-eabi/13.3.1/thumb/v7-m/nofp/crtbegin.o
                0x080028a8                        PROVIDE (__init_array_end = .)
                0x080028a8                        . = ALIGN (0x4)

.fini_array     0x080028a8        0x4
                0x080028a8                        . = ALIGN (0x4)
                [!provide]                        PROVIDE (__fini_array_start = .)
 *(SORT_BY_NAME(.fini_array.*))
 *(.fini_array*)
 .fini_array    0x080028a8        0x4 C:/ST/STM32CubeIDE_1.15.1/STM32CubeIDE/plugins/com.st.stm32cube.ide.mcu.externaltools.gnu-tools-for-stm32.13.3.rel1.win32_1.0.0.202411081344/tools/bin/../lib/gcc/arm-none-eabi/13.3.1/thumb/v7-m/nofp/crtbegin.o
                [!provide]                        PROVIDE (__fini_array_end = .)
                0x080028ac                        . = ALIGN (0x4)
                0x080028ac                        _sidata = LOADADDR (.data)

.rel.dyn        0x080028ac        0x0
 .rel.iplt      0x080028ac        0x0 C:/ST/STM32CubeIDE_1.15.1/STM32CubeIDE/plugins/com.st.stm32cube.ide.mcu.externaltools.gnu-tools-for-stm32.13.3.rel1.win32_1.0.0.202411081344/tools/bin/../lib/gcc/arm-none-eabi/13.3.1/thumb/v7-m/nofp/crtbegin.o

.data           0x20000000       0x38 load address 0x080028ac
                0x20000000                        . = ALIGN (0x4)
                0x20000000                        _sdata = .
 *(.data)
 *(.data*)
 .data.column_pin
                0x20000000       0x1c ./Core/Src/main.o
                0x20000000                column_pin
 .data.row_pin  0x2000001c        0xc ./Core/Src/main.o
                0x2000001c                row_pin
 .data.EN       0x20000028        0x1 ./Core/Src/main.o
                0x20000028                EN
 .data.REPEAT_RATE
                0x20000029        0x1 ./Core/Src/main.o
                0x20000029                REPEAT_RATE
 .data.REPEAT_DELAY
                0x2000002a        0x1 ./Core/Src/main.o
                0x2000002a                REPEAT_DELAY
 *fill*         0x2000002b        0x1 
 .data.SystemCoreClock
                0x2000002c        0x4 ./Core/Src/system_stm32f1xx.o
                0x2000002c                SystemCoreClock
 .data.uwTickPrio
                0x20000030        0x4 ./Drivers/STM32F1xx_HAL_Driver/Src/stm32f1xx_hal.o
                0x20000030                uwTickPrio
 .data.uwTickFreq
                0x20000034        0x1 ./Drivers/STM32F1xx_HAL_Driver/Src/stm32f1xx_hal.o
                0x20000034                uwTickFreq
 *(.RamFunc)
 *(.RamFunc*)
                0x20000038                        . = ALIGN (0x4)
 *fill*         0x20000035        0x3 
                0x20000038                        _edata = .

.igot.plt       0x20000038        0x0 load address 0x080028e4
 .igot.plt      0x20000038        0x0 C:/ST/STM32CubeIDE_1.15.1/STM32CubeIDE/plugins/com.st.stm32cube.ide.mcu.externaltools.gnu-tools-for-stm32.13.3.rel1.win32_1.0.0.202411081344/tools/bin/../lib/gcc/arm-none-eabi/13.3.1/thumb/v7-m/nofp/crtbegin.o
                0x20000038                        . = ALIGN (0x4)

.bss            0x20000038      0x138 load address 0x080028e4
                0x20000038                        _sbss = .
                0x20000038                        __bss_start__ = _sbss
 *(.bss)
 .bss           0x20000038       0x1c C:/ST/STM32CubeIDE_1.15.1/STM32CubeIDE/plugins/com.st.stm32cube.ide.mcu.externaltools.gnu-tools-for-stm32.13.3.rel1.win32_1.0.0.202411081344/tools/bin/../lib/gcc/arm-none-eabi/13.3.1/thumb/v7-m/nofp/crtbegin.o
 *(.bss*)
 .bss.htim1     0x20000054       0x48 ./Core/Src/main.o
                0x20000054                htim1
 .bss.htim2     0x2000009c       0x48 ./Core/Src/main.o
                0x2000009c                htim2
 .bss.ps2       0x200000e4       0x18 ./Core/Src/main.o
                0x200000e4                ps2
 .bss.key       0x200000fc        0xc ./Core/Src/main.o
                0x200000fc                key
 .bss.LAST_BYTE
                0x20000108        0x4 ./Core/Src/main.o
                0x20000108                LAST_BYTE
 .bss.ELAPSED_TIME
                0x2000010c        0x1 ./Core/Src/main.o
                0x2000010c                ELAPSED_TIME
 *fill*         0x2000010d        0x3 
 .bss.keyStamps
                0x20000110       0x54 ./Core/Src/main.o
                0x20000110                keyStamps
 .bss.i         0x20000164        0x1 ./Core/Src/main.o
                0x20000164                i
 .bss.j         0x20000165        0x1 ./Core/Src/main.o
                0x20000165                j
 *fill*         0x20000166        0x2 
 .bss.buffer    0x20000168        0x4 ./Core/Src/main.o
                0x20000168                buffer
 .bss.uwTick    0x2000016c        0x4 ./Drivers/STM32F1xx_HAL_Driver/Src/stm32f1xx_hal.o
                0x2000016c                uwTick
 *(COMMON)
                0x20000170                        . = ALIGN (0x4)
                0x20000170                        _ebss = .
                0x20000170                        __bss_end__ = _ebss

._user_heap_stack
                0x20000170      0x600 load address 0x080028e4
                0x20000170                        . = ALIGN (0x8)
                [!provide]                        PROVIDE (end = .)
                0x20000170                        PROVIDE (_end = .)
                0x20000370                        . = (. + _Min_Heap_Size)
 *fill*         0x20000170      0x200 
                0x20000770                        . = (. + _Min_Stack_Size)
 *fill*         0x20000370      0x400 
                0x20000770                        . = ALIGN (0x8)

/DISCARD/
 libc.a(*)
 libm.a(*)
 libgcc.a(*)

.ARM.attributes
                0x00000000       0x29
 *(.ARM.attributes)
 .ARM.attributes
                0x00000000       0x1d C:/ST/STM32CubeIDE_1.15.1/STM32CubeIDE/plugins/com.st.stm32cube.ide.mcu.externaltools.gnu-tools-for-stm32.13.3.rel1.win32_1.0.0.202411081344/tools/bin/../lib/gcc/arm-none-eabi/13.3.1/thumb/v7-m/nofp/crti.o
 .ARM.attributes
                0x0000001d       0x2d C:/ST/STM32CubeIDE_1.15.1/STM32CubeIDE/plugins/com.st.stm32cube.ide.mcu.externaltools.gnu-tools-for-stm32.13.3.rel1.win32_1.0.0.202411081344/tools/bin/../lib/gcc/arm-none-eabi/13.3.1/thumb/v7-m/nofp/crtbegin.o
 .ARM.attributes
                0x0000004a       0x2d ./Core/Src/keyboard.o
 .ARM.attributes
                0x00000077       0x2d ./Core/Src/main.o
 .ARM.attributes
                0x000000a4       0x2d ./Core/Src/ps2.o
 .ARM.attributes
                0x000000d1       0x2d ./Core/Src/stm32f1xx_hal_msp.o
 .ARM.attributes
                0x000000fe       0x2d ./Core/Src/stm32f1xx_it.o
 .ARM.attributes
                0x0000012b       0x2d ./Core/Src/system_stm32f1xx.o
 .ARM.attributes
                0x00000158       0x21 ./Core/Startup/startup_stm32f103c8tx.o
 .ARM.attributes
                0x00000179       0x2d ./Drivers/STM32F1xx_HAL_Driver/Src/stm32f1xx_hal.o
 .ARM.attributes
                0x000001a6       0x2d ./Drivers/STM32F1xx_HAL_Driver/Src/stm32f1xx_hal_cortex.o
 .ARM.attributes
                0x000001d3       0x2d ./Drivers/STM32F1xx_HAL_Driver/Src/stm32f1xx_hal_gpio.o
 .ARM.attributes
                0x00000200       0x2d ./Drivers/STM32F1xx_HAL_Driver/Src/stm32f1xx_hal_rcc.o
 .ARM.attributes
                0x0000022d       0x2d ./Drivers/STM32F1xx_HAL_Driver/Src/stm32f1xx_hal_tim.o
 .ARM.attributes
                0x0000025a       0x2d ./Drivers/STM32F1xx_HAL_Driver/Src/stm32f1xx_hal_tim_ex.o
 .ARM.attributes
                0x00000287       0x2d C:/ST/STM32CubeIDE_1.15.1/STM32CubeIDE/plugins/com.st.stm32cube.ide.mcu.externaltools.gnu-tools-for-stm32.13.3.rel1.win32_1.0.0.202411081344/tools/bin/../lib/gcc/arm-none-eabi/13.3.1/../../../../arm-none-eabi/lib/thumb/v7-m/nofp\libc_nano.a(libc_a-memset.o)
 .ARM.attributes
                0x000002b4       0x2d C:/ST/STM32CubeIDE_1.15.1/STM32CubeIDE/plugins/com.st.stm32cube.ide.mcu.externaltools.gnu-tools-for-stm32.13.3.rel1.win32_1.0.0.202411081344/tools/bin/../lib/gcc/arm-none-eabi/13.3.1/../../../../arm-none-eabi/lib/thumb/v7-m/nofp\libc_nano.a(libc_a-init.o)
 .ARM.attributes
                0x000002e1       0x1d C:/ST/STM32CubeIDE_1.15.1/STM32CubeIDE/plugins/com.st.stm32cube.ide.mcu.externaltools.gnu-tools-for-stm32.13.3.rel1.win32_1.0.0.202411081344/tools/bin/../lib/gcc/arm-none-eabi/13.3.1/thumb/v7-m/nofp/crtn.o
OUTPUT(STM32_F103_PS2.elf elf32-littlearm)
LOAD linker stubs
LOAD C:/ST/STM32CubeIDE_1.15.1/STM32CubeIDE/plugins/com.st.stm32cube.ide.mcu.externaltools.gnu-tools-for-stm32.13.3.rel1.win32_1.0.0.202411081344/tools/bin/../lib/gcc/arm-none-eabi/13.3.1/../../../../arm-none-eabi/lib/thumb/v7-m/nofp\libc.a
LOAD C:/ST/STM32CubeIDE_1.15.1/STM32CubeIDE/plugins/com.st.stm32cube.ide.mcu.externaltools.gnu-tools-for-stm32.13.3.rel1.win32_1.0.0.202411081344/tools/bin/../lib/gcc/arm-none-eabi/13.3.1/../../../../arm-none-eabi/lib/thumb/v7-m/nofp\libm.a
LOAD C:/ST/STM32CubeIDE_1.15.1/STM32CubeIDE/plugins/com.st.stm32cube.ide.mcu.externaltools.gnu-tools-for-stm32.13.3.rel1.win32_1.0.0.202411081344/tools/bin/../lib/gcc/arm-none-eabi/13.3.1/thumb/v7-m/nofp\libgcc.a

.debug_info     0x00000000     0x8b49
 .debug_info    0x00000000      0xa45 ./Core/Src/keyboard.o
 .debug_info    0x00000a45      0xede ./Core/Src/main.o
 .debug_info    0x00001923      0x2e0 ./Core/Src/ps2.o
 .debug_info    0x00001c03      0x954 ./Core/Src/stm32f1xx_hal_msp.o
 .debug_info    0x00002557      0x6a1 ./Core/Src/stm32f1xx_it.o
 .debug_info    0x00002bf8      0x222 ./Core/Src/system_stm32f1xx.o
 .debug_info    0x00002e1a       0x30 ./Core/Startup/startup_stm32f103c8tx.o
 .debug_info    0x00002e4a      0x704 ./Drivers/STM32F1xx_HAL_Driver/Src/stm32f1xx_hal.o
 .debug_info    0x0000354e      0xa87 ./Drivers/STM32F1xx_HAL_Driver/Src/stm32f1xx_hal_cortex.o
 .debug_info    0x00003fd5      0x5ab ./Drivers/STM32F1xx_HAL_Driver/Src/stm32f1xx_hal_gpio.o
 .debug_info    0x00004580      0x7d5 ./Drivers/STM32F1xx_HAL_Driver/Src/stm32f1xx_hal_rcc.o
 .debug_info    0x00004d55     0x2959 ./Drivers/STM32F1xx_HAL_Driver/Src/stm32f1xx_hal_tim.o
 .debug_info    0x000076ae     0x149b ./Drivers/STM32F1xx_HAL_Driver/Src/stm32f1xx_hal_tim_ex.o

.debug_abbrev   0x00000000     0x19f7
 .debug_abbrev  0x00000000      0x21e ./Core/Src/keyboard.o
 .debug_abbrev  0x0000021e      0x31b ./Core/Src/main.o
 .debug_abbrev  0x00000539      0x1ae ./Core/Src/ps2.o
 .debug_abbrev  0x000006e7      0x1ad ./Core/Src/stm32f1xx_hal_msp.o
 .debug_abbrev  0x00000894      0x191 ./Core/Src/stm32f1xx_it.o
 .debug_abbrev  0x00000a25      0x13f ./Core/Src/system_stm32f1xx.o
 .debug_abbrev  0x00000b64       0x24 ./Core/Startup/startup_stm32f103c8tx.o
 .debug_abbrev  0x00000b88      0x201 ./Drivers/STM32F1xx_HAL_Driver/Src/stm32f1xx_hal.o
 .debug_abbrev  0x00000d89      0x2f8 ./Drivers/STM32F1xx_HAL_Driver/Src/stm32f1xx_hal_cortex.o
 .debug_abbrev  0x00001081      0x1ca ./Drivers/STM32F1xx_HAL_Driver/Src/stm32f1xx_hal_gpio.o
 .debug_abbrev  0x0000124b      0x2b3 ./Drivers/STM32F1xx_HAL_Driver/Src/stm32f1xx_hal_rcc.o
 .debug_abbrev  0x000014fe      0x277 ./Drivers/STM32F1xx_HAL_Driver/Src/stm32f1xx_hal_tim.o
 .debug_abbrev  0x00001775      0x282 ./Drivers/STM32F1xx_HAL_Driver/Src/stm32f1xx_hal_tim_ex.o

.debug_aranges  0x00000000      0x9a8
 .debug_aranges
                0x00000000       0x38 ./Core/Src/keyboard.o
 .debug_aranges
                0x00000038       0x58 ./Core/Src/main.o
 .debug_aranges
                0x00000090       0x30 ./Core/Src/ps2.o
 .debug_aranges
                0x000000c0       0x30 ./Core/Src/stm32f1xx_hal_msp.o
 .debug_aranges
                0x000000f0       0x68 ./Core/Src/stm32f1xx_it.o
 .debug_aranges
                0x00000158       0x28 ./Core/Src/system_stm32f1xx.o
 .debug_aranges
                0x00000180       0x28 ./Core/Startup/startup_stm32f103c8tx.o
 .debug_aranges
                0x000001a8       0xe0 ./Drivers/STM32F1xx_HAL_Driver/Src/stm32f1xx_hal.o
 .debug_aranges
                0x00000288      0x100 ./Drivers/STM32F1xx_HAL_Driver/Src/stm32f1xx_hal_cortex.o
 .debug_aranges
                0x00000388       0x58 ./Drivers/STM32F1xx_HAL_Driver/Src/stm32f1xx_hal_gpio.o
 .debug_aranges
                0x000003e0       0x90 ./Drivers/STM32F1xx_HAL_Driver/Src/stm32f1xx_hal_rcc.o
 .debug_aranges
                0x00000470      0x3d0 ./Drivers/STM32F1xx_HAL_Driver/Src/stm32f1xx_hal_tim.o
 .debug_aranges
                0x00000840      0x168 ./Drivers/STM32F1xx_HAL_Driver/Src/stm32f1xx_hal_tim_ex.o

.debug_rnglists
                0x00000000      0x76d
 .debug_rnglists
                0x00000000       0x28 ./Core/Src/keyboard.o
 .debug_rnglists
                0x00000028       0x41 ./Core/Src/main.o
 .debug_rnglists
                0x00000069       0x21 ./Core/Src/ps2.o
 .debug_rnglists
                0x0000008a       0x1f ./Core/Src/stm32f1xx_hal_msp.o
 .debug_rnglists
                0x000000a9       0x49 ./Core/Src/stm32f1xx_it.o
 .debug_rnglists
                0x000000f2       0x1a ./Core/Src/system_stm32f1xx.o
 .debug_rnglists
                0x0000010c       0x19 ./Core/Startup/startup_stm32f103c8tx.o
 .debug_rnglists
                0x00000125       0xa3 ./Drivers/STM32F1xx_HAL_Driver/Src/stm32f1xx_hal.o
 .debug_rnglists
                0x000001c8       0xbb ./Drivers/STM32F1xx_HAL_Driver/Src/stm32f1xx_hal_cortex.o
 .debug_rnglists
                0x00000283       0x3f ./Drivers/STM32F1xx_HAL_Driver/Src/stm32f1xx_hal_gpio.o
 .debug_rnglists
                0x000002c2       0x6c ./Drivers/STM32F1xx_HAL_Driver/Src/stm32f1xx_hal_rcc.o
 .debug_rnglists
                0x0000032e      0x31a ./Drivers/STM32F1xx_HAL_Driver/Src/stm32f1xx_hal_tim.o
 .debug_rnglists
                0x00000648      0x125 ./Drivers/STM32F1xx_HAL_Driver/Src/stm32f1xx_hal_tim_ex.o

.debug_macro    0x00000000    0x17546
 .debug_macro   0x00000000      0x289 ./Core/Src/keyboard.o
 .debug_macro   0x00000289      0xacc ./Core/Src/keyboard.o
 .debug_macro   0x00000d55      0x215 ./Core/Src/keyboard.o
 .debug_macro   0x00000f6a       0x2e ./Core/Src/keyboard.o
 .debug_macro   0x00000f98       0x22 ./Core/Src/keyboard.o
 .debug_macro   0x00000fba       0x22 ./Core/Src/keyboard.o
 .debug_macro   0x00000fdc       0x8e ./Core/Src/keyboard.o
 .debug_macro   0x0000106a       0x51 ./Core/Src/keyboard.o
 .debug_macro   0x000010bb      0x103 ./Core/Src/keyboard.o
 .debug_macro   0x000011be       0x6a ./Core/Src/keyboard.o
 .debug_macro   0x00001228      0x1df ./Core/Src/keyboard.o
 .debug_macro   0x00001407       0x1c ./Core/Src/keyboard.o
 .debug_macro   0x00001423       0x22 ./Core/Src/keyboard.o
 .debug_macro   0x00001445       0xbd ./Core/Src/keyboard.o
 .debug_macro   0x00001502      0xd23 ./Core/Src/keyboard.o
 .debug_macro   0x00002225     0xe09e ./Core/Src/keyboard.o
 .debug_macro   0x000102c3       0x6d ./Core/Src/keyboard.o
 .debug_macro   0x00010330     0x34a2 ./Core/Src/keyboard.o
 .debug_macro   0x000137d2      0x190 ./Core/Src/keyboard.o
 .debug_macro   0x00013962       0x5c ./Core/Src/keyboard.o
 .debug_macro   0x000139be      0x5bc ./Core/Src/keyboard.o
 .debug_macro   0x00013f7a      0x289 ./Core/Src/keyboard.o
 .debug_macro   0x00014203      0x1cb ./Core/Src/keyboard.o
 .debug_macro   0x000143ce      0x114 ./Core/Src/keyboard.o
 .debug_macro   0x000144e2      0x1b2 ./Core/Src/keyboard.o
 .debug_macro   0x00014694       0x27 ./Core/Src/keyboard.o
 .debug_macro   0x000146bb      0x136 ./Core/Src/keyboard.o
 .debug_macro   0x000147f1      0x1bc ./Core/Src/keyboard.o
 .debug_macro   0x000149ad       0x34 ./Core/Src/keyboard.o
 .debug_macro   0x000149e1       0x3c ./Core/Src/keyboard.o
 .debug_macro   0x00014a1d       0x57 ./Core/Src/keyboard.o
 .debug_macro   0x00014a74       0x87 ./Core/Src/keyboard.o
 .debug_macro   0x00014afb      0x240 ./Core/Src/keyboard.o
 .debug_macro   0x00014d3b      0x140 ./Core/Src/keyboard.o
 .debug_macro   0x00014e7b      0x8ed ./Core/Src/keyboard.o
 .debug_macro   0x00015768       0x83 ./Core/Src/keyboard.o
 .debug_macro   0x000157eb       0x34 ./Core/Src/keyboard.o
 .debug_macro   0x0001581f       0x61 ./Core/Src/keyboard.o
 .debug_macro   0x00015880       0x24 ./Core/Src/keyboard.o
 .debug_macro   0x000158a4       0x43 ./Core/Src/keyboard.o
 .debug_macro   0x000158e7       0x34 ./Core/Src/keyboard.o
 .debug_macro   0x0001591b       0x16 ./Core/Src/keyboard.o
 .debug_macro   0x00015931       0x3c ./Core/Src/keyboard.o
 .debug_macro   0x0001596d      0x370 ./Core/Src/keyboard.o
 .debug_macro   0x00015cdd       0x10 ./Core/Src/keyboard.o
 .debug_macro   0x00015ced       0x16 ./Core/Src/keyboard.o
 .debug_macro   0x00015d03       0x4a ./Core/Src/keyboard.o
 .debug_macro   0x00015d4d       0x34 ./Core/Src/keyboard.o
 .debug_macro   0x00015d81       0x10 ./Core/Src/keyboard.o
 .debug_macro   0x00015d91       0x58 ./Core/Src/keyboard.o
 .debug_macro   0x00015de9       0x8e ./Core/Src/keyboard.o
 .debug_macro   0x00015e77       0x1c ./Core/Src/keyboard.o
 .debug_macro   0x00015e93      0x185 ./Core/Src/keyboard.o
 .debug_macro   0x00016018       0x16 ./Core/Src/keyboard.o
 .debug_macro   0x0001602e       0x16 ./Core/Src/keyboard.o
 .debug_macro   0x00016044      0x146 ./Core/Src/keyboard.o
 .debug_macro   0x0001618a       0x2e ./Core/Src/keyboard.o
 .debug_macro   0x000161b8      0x297 ./Core/Src/main.o
 .debug_macro   0x0001644f      0x1a8 ./Core/Src/ps2.o
 .debug_macro   0x000165f7       0x2e ./Core/Src/ps2.o
 .debug_macro   0x00016625      0x1a3 ./Core/Src/stm32f1xx_hal_msp.o
 .debug_macro   0x000167c8      0x1ad ./Core/Src/stm32f1xx_it.o
 .debug_macro   0x00016975      0x199 ./Core/Src/system_stm32f1xx.o
 .debug_macro   0x00016b0e      0x1bd ./Drivers/STM32F1xx_HAL_Driver/Src/stm32f1xx_hal.o
 .debug_macro   0x00016ccb      0x199 ./Drivers/STM32F1xx_HAL_Driver/Src/stm32f1xx_hal_cortex.o
 .debug_macro   0x00016e64      0x204 ./Drivers/STM32F1xx_HAL_Driver/Src/stm32f1xx_hal_gpio.o
 .debug_macro   0x00017068      0x1ab ./Drivers/STM32F1xx_HAL_Driver/Src/stm32f1xx_hal_rcc.o
 .debug_macro   0x00017213      0x19a ./Drivers/STM32F1xx_HAL_Driver/Src/stm32f1xx_hal_tim.o
 .debug_macro   0x000173ad      0x199 ./Drivers/STM32F1xx_HAL_Driver/Src/stm32f1xx_hal_tim_ex.o

.debug_line     0x00000000     0xadd2
 .debug_line    0x00000000      0xb18 ./Core/Src/keyboard.o
 .debug_line    0x00000b18      0xa41 ./Core/Src/main.o
 .debug_line    0x00001559      0x7a9 ./Core/Src/ps2.o
 .debug_line    0x00001d02      0x740 ./Core/Src/stm32f1xx_hal_msp.o
 .debug_line    0x00002442      0x7ab ./Core/Src/stm32f1xx_it.o
 .debug_line    0x00002bed      0x763 ./Core/Src/system_stm32f1xx.o
 .debug_line    0x00003350       0x78 ./Core/Startup/startup_stm32f103c8tx.o
 .debug_line    0x000033c8      0x994 ./Drivers/STM32F1xx_HAL_Driver/Src/stm32f1xx_hal.o
 .debug_line    0x00003d5c      0xb5e ./Drivers/STM32F1xx_HAL_Driver/Src/stm32f1xx_hal_cortex.o
 .debug_line    0x000048ba      0x9f1 ./Drivers/STM32F1xx_HAL_Driver/Src/stm32f1xx_hal_gpio.o
 .debug_line    0x000052ab      0xe4d ./Drivers/STM32F1xx_HAL_Driver/Src/stm32f1xx_hal_rcc.o
 .debug_line    0x000060f8     0x3482 ./Drivers/STM32F1xx_HAL_Driver/Src/stm32f1xx_hal_tim.o
 .debug_line    0x0000957a     0x1858 ./Drivers/STM32F1xx_HAL_Driver/Src/stm32f1xx_hal_tim_ex.o

.debug_str      0x00000000    0x87e61
 .debug_str     0x00000000    0x87e61 ./Core/Src/keyboard.o
                              0x85c56 (size before relaxing)
 .debug_str     0x00087e61    0x85f27 ./Core/Src/main.o
 .debug_str     0x00087e61    0x81e63 ./Core/Src/ps2.o
 .debug_str     0x00087e61    0x82319 ./Core/Src/stm32f1xx_hal_msp.o
 .debug_str     0x00087e61    0x8201a ./Core/Src/stm32f1xx_it.o
 .debug_str     0x00087e61    0x81b3f ./Core/Src/system_stm32f1xx.o
 .debug_str     0x00087e61       0x68 ./Core/Startup/startup_stm32f103c8tx.o
 .debug_str     0x00087e61    0x82272 ./Drivers/STM32F1xx_HAL_Driver/Src/stm32f1xx_hal.o
 .debug_str     0x00087e61    0x821be ./Drivers/STM32F1xx_HAL_Driver/Src/stm32f1xx_hal_cortex.o
 .debug_str     0x00087e61    0x81ec5 ./Drivers/STM32F1xx_HAL_Driver/Src/stm32f1xx_hal_gpio.o
 .debug_str     0x00087e61    0x81f6e ./Drivers/STM32F1xx_HAL_Driver/Src/stm32f1xx_hal_rcc.o
 .debug_str     0x00087e61    0x82f70 ./Drivers/STM32F1xx_HAL_Driver/Src/stm32f1xx_hal_tim.o
 .debug_str     0x00087e61    0x8277c ./Drivers/STM32F1xx_HAL_Driver/Src/stm32f1xx_hal_tim_ex.o

.comment        0x00000000       0x43
 .comment       0x00000000       0x43 ./Core/Src/keyboard.o
                                 0x44 (size before relaxing)
 .comment       0x00000043       0x44 ./Core/Src/main.o
 .comment       0x00000043       0x44 ./Core/Src/ps2.o
 .comment       0x00000043       0x44 ./Core/Src/stm32f1xx_hal_msp.o
 .comment       0x00000043       0x44 ./Core/Src/stm32f1xx_it.o
 .comment       0x00000043       0x44 ./Core/Src/system_stm32f1xx.o
 .comment       0x00000043       0x44 ./Drivers/STM32F1xx_HAL_Driver/Src/stm32f1xx_hal.o
 .comment       0x00000043       0x44 ./Drivers/STM32F1xx_HAL_Driver/Src/stm32f1xx_hal_cortex.o
 .comment       0x00000043       0x44 ./Drivers/STM32F1xx_HAL_Driver/Src/stm32f1xx_hal_gpio.o
 .comment       0x00000043       0x44 ./Drivers/STM32F1xx_HAL_Driver/Src/stm32f1xx_hal_rcc.o
 .comment       0x00000043       0x44 ./Drivers/STM32F1xx_HAL_Driver/Src/stm32f1xx_hal_tim.o
 .comment       0x00000043       0x44 ./Drivers/STM32F1xx_HAL_Driver/Src/stm32f1xx_hal_tim_ex.o

.debug_frame    0x00000000     0x2748
 .debug_frame   0x00000000       0xac ./Core/Src/keyboard.o
 .debug_frame   0x000000ac      0x128 ./Core/Src/main.o
 .debug_frame   0x000001d4       0x80 ./Core/Src/ps2.o
 .debug_frame   0x00000254       0x80 ./Core/Src/stm32f1xx_hal_msp.o
 .debug_frame   0x000002d4      0x120 ./Core/Src/stm32f1xx_it.o
 .debug_frame   0x000003f4       0x58 ./Core/Src/system_stm32f1xx.o
 .debug_frame   0x0000044c      0x334 ./Drivers/STM32F1xx_HAL_Driver/Src/stm32f1xx_hal.o
 .debug_frame   0x00000780      0x428 ./Drivers/STM32F1xx_HAL_Driver/Src/stm32f1xx_hal_cortex.o
 .debug_frame   0x00000ba8      0x14c ./Drivers/STM32F1xx_HAL_Driver/Src/stm32f1xx_hal_gpio.o
 .debug_frame   0x00000cf4      0x218 ./Drivers/STM32F1xx_HAL_Driver/Src/stm32f1xx_hal_rcc.o
 .debug_frame   0x00000f0c     0x11b8 ./Drivers/STM32F1xx_HAL_Driver/Src/stm32f1xx_hal_tim.o
 .debug_frame   0x000020c4      0x638 ./Drivers/STM32F1xx_HAL_Driver/Src/stm32f1xx_hal_tim_ex.o
 .debug_frame   0x000026fc       0x20 C:/ST/STM32CubeIDE_1.15.1/STM32CubeIDE/plugins/com.st.stm32cube.ide.mcu.externaltools.gnu-tools-for-stm32.13.3.rel1.win32_1.0.0.202411081344/tools/bin/../lib/gcc/arm-none-eabi/13.3.1/../../../../arm-none-eabi/lib/thumb/v7-m/nofp\libc_nano.a(libc_a-memset.o)
 .debug_frame   0x0000271c       0x2c C:/ST/STM32CubeIDE_1.15.1/STM32CubeIDE/plugins/com.st.stm32cube.ide.mcu.externaltools.gnu-tools-for-stm32.13.3.rel1.win32_1.0.0.202411081344/tools/bin/../lib/gcc/arm-none-eabi/13.3.1/../../../../arm-none-eabi/lib/thumb/v7-m/nofp\libc_nano.a(libc_a-init.o)

.debug_line_str
                0x00000000       0x4c
 .debug_line_str
                0x00000000       0x4c ./Core/Startup/startup_stm32f103c8tx.o
